Archive member included because of file (symbol)

c:/program files (x86)/atmel/atmel toolchain/avr8 gcc/native/3.4.1061/avr8-gnu-toolchain/bin/../lib/gcc/avr/4.8.1/../../../../avr/lib/avr51\libm.a(addsf3.o)
                              src/general_FIS.o (__addsf3)
c:/program files (x86)/atmel/atmel toolchain/avr8 gcc/native/3.4.1061/avr8-gnu-toolchain/bin/../lib/gcc/avr/4.8.1/../../../../avr/lib/avr51\libm.a(addsf3x.o)
                              c:/program files (x86)/atmel/atmel toolchain/avr8 gcc/native/3.4.1061/avr8-gnu-toolchain/bin/../lib/gcc/avr/4.8.1/../../../../avr/lib/avr51\libm.a(addsf3.o) (__addsf3x)
c:/program files (x86)/atmel/atmel toolchain/avr8 gcc/native/3.4.1061/avr8-gnu-toolchain/bin/../lib/gcc/avr/4.8.1/../../../../avr/lib/avr51\libm.a(divsf3.o)
                              src/general_FIS.o (__divsf3)
c:/program files (x86)/atmel/atmel toolchain/avr8 gcc/native/3.4.1061/avr8-gnu-toolchain/bin/../lib/gcc/avr/4.8.1/../../../../avr/lib/avr51\libm.a(divsf3x.o)
                              c:/program files (x86)/atmel/atmel toolchain/avr8 gcc/native/3.4.1061/avr8-gnu-toolchain/bin/../lib/gcc/avr/4.8.1/../../../../avr/lib/avr51\libm.a(divsf3.o) (__divsf3x)
c:/program files (x86)/atmel/atmel toolchain/avr8 gcc/native/3.4.1061/avr8-gnu-toolchain/bin/../lib/gcc/avr/4.8.1/../../../../avr/lib/avr51\libm.a(fixsfsi.o)
                              src/general_FIS.o (__fixsfsi)
c:/program files (x86)/atmel/atmel toolchain/avr8 gcc/native/3.4.1061/avr8-gnu-toolchain/bin/../lib/gcc/avr/4.8.1/../../../../avr/lib/avr51\libm.a(fixunssfsi.o)
                              c:/program files (x86)/atmel/atmel toolchain/avr8 gcc/native/3.4.1061/avr8-gnu-toolchain/bin/../lib/gcc/avr/4.8.1/../../../../avr/lib/avr51\libm.a(fixsfsi.o) (__fixunssfsi)
c:/program files (x86)/atmel/atmel toolchain/avr8 gcc/native/3.4.1061/avr8-gnu-toolchain/bin/../lib/gcc/avr/4.8.1/../../../../avr/lib/avr51\libm.a(floatsisf.o)
                              src/general_FIS.o (__floatsisf)
c:/program files (x86)/atmel/atmel toolchain/avr8 gcc/native/3.4.1061/avr8-gnu-toolchain/bin/../lib/gcc/avr/4.8.1/../../../../avr/lib/avr51\libm.a(fp_inf.o)
                              c:/program files (x86)/atmel/atmel toolchain/avr8 gcc/native/3.4.1061/avr8-gnu-toolchain/bin/../lib/gcc/avr/4.8.1/../../../../avr/lib/avr51\libm.a(addsf3x.o) (__fp_inf)
c:/program files (x86)/atmel/atmel toolchain/avr8 gcc/native/3.4.1061/avr8-gnu-toolchain/bin/../lib/gcc/avr/4.8.1/../../../../avr/lib/avr51\libm.a(fp_nan.o)
                              c:/program files (x86)/atmel/atmel toolchain/avr8 gcc/native/3.4.1061/avr8-gnu-toolchain/bin/../lib/gcc/avr/4.8.1/../../../../avr/lib/avr51\libm.a(addsf3x.o) (__fp_nan)
c:/program files (x86)/atmel/atmel toolchain/avr8 gcc/native/3.4.1061/avr8-gnu-toolchain/bin/../lib/gcc/avr/4.8.1/../../../../avr/lib/avr51\libm.a(fp_pscA.o)
                              c:/program files (x86)/atmel/atmel toolchain/avr8 gcc/native/3.4.1061/avr8-gnu-toolchain/bin/../lib/gcc/avr/4.8.1/../../../../avr/lib/avr51\libm.a(addsf3x.o) (__fp_pscA)
c:/program files (x86)/atmel/atmel toolchain/avr8 gcc/native/3.4.1061/avr8-gnu-toolchain/bin/../lib/gcc/avr/4.8.1/../../../../avr/lib/avr51\libm.a(fp_pscB.o)
                              c:/program files (x86)/atmel/atmel toolchain/avr8 gcc/native/3.4.1061/avr8-gnu-toolchain/bin/../lib/gcc/avr/4.8.1/../../../../avr/lib/avr51\libm.a(addsf3x.o) (__fp_pscB)
c:/program files (x86)/atmel/atmel toolchain/avr8 gcc/native/3.4.1061/avr8-gnu-toolchain/bin/../lib/gcc/avr/4.8.1/../../../../avr/lib/avr51\libm.a(fp_round.o)
                              c:/program files (x86)/atmel/atmel toolchain/avr8 gcc/native/3.4.1061/avr8-gnu-toolchain/bin/../lib/gcc/avr/4.8.1/../../../../avr/lib/avr51\libm.a(addsf3.o) (__fp_round)
c:/program files (x86)/atmel/atmel toolchain/avr8 gcc/native/3.4.1061/avr8-gnu-toolchain/bin/../lib/gcc/avr/4.8.1/../../../../avr/lib/avr51\libm.a(fp_split3.o)
                              c:/program files (x86)/atmel/atmel toolchain/avr8 gcc/native/3.4.1061/avr8-gnu-toolchain/bin/../lib/gcc/avr/4.8.1/../../../../avr/lib/avr51\libm.a(addsf3x.o) (__fp_split3)
c:/program files (x86)/atmel/atmel toolchain/avr8 gcc/native/3.4.1061/avr8-gnu-toolchain/bin/../lib/gcc/avr/4.8.1/../../../../avr/lib/avr51\libm.a(fp_zero.o)
                              c:/program files (x86)/atmel/atmel toolchain/avr8 gcc/native/3.4.1061/avr8-gnu-toolchain/bin/../lib/gcc/avr/4.8.1/../../../../avr/lib/avr51\libm.a(addsf3x.o) (__fp_zero)
c:/program files (x86)/atmel/atmel toolchain/avr8 gcc/native/3.4.1061/avr8-gnu-toolchain/bin/../lib/gcc/avr/4.8.1/../../../../avr/lib/avr51\libm.a(mulsf3.o)
                              src/general_FIS.o (__mulsf3)
c:/program files (x86)/atmel/atmel toolchain/avr8 gcc/native/3.4.1061/avr8-gnu-toolchain/bin/../lib/gcc/avr/4.8.1/../../../../avr/lib/avr51\libm.a(mulsf3x.o)
                              c:/program files (x86)/atmel/atmel toolchain/avr8 gcc/native/3.4.1061/avr8-gnu-toolchain/bin/../lib/gcc/avr/4.8.1/../../../../avr/lib/avr51\libm.a(mulsf3.o) (__mulsf3x)
c:/program files (x86)/atmel/atmel toolchain/avr8 gcc/native/3.4.1061/avr8-gnu-toolchain/bin/../lib/gcc/avr/4.8.1/avr51\libgcc.a(_divmodhi4.o)
                              src/fuzzy_speed_controller.o (__divmodhi4)
c:/program files (x86)/atmel/atmel toolchain/avr8 gcc/native/3.4.1061/avr8-gnu-toolchain/bin/../lib/gcc/avr/4.8.1/avr51\libgcc.a(_exit.o)
                              c:/program files (x86)/atmel/atmel toolchain/avr8 gcc/native/3.4.1061/avr8-gnu-toolchain/bin/../lib/gcc/avr/4.8.1/../../../../avr/lib/avr51/crtm1284p.o (exit)
c:/program files (x86)/atmel/atmel toolchain/avr8 gcc/native/3.4.1061/avr8-gnu-toolchain/bin/../lib/gcc/avr/4.8.1/avr51\libgcc.a(_copy_data.o)
                              src/fuzzySteering.o (__do_copy_data)
c:/program files (x86)/atmel/atmel toolchain/avr8 gcc/native/3.4.1061/avr8-gnu-toolchain/bin/../lib/gcc/avr/4.8.1/avr51\libgcc.a(_clear_bss.o)
                              src/fuzzy_speed_controller.o (__do_clear_bss)
c:/program files (x86)/atmel/atmel toolchain/avr8 gcc/native/3.4.1061/avr8-gnu-toolchain/bin/../lib/gcc/avr/4.8.1/avr51\libgcc.a(_udivmodhi4.o)
                              c:/program files (x86)/atmel/atmel toolchain/avr8 gcc/native/3.4.1061/avr8-gnu-toolchain/bin/../lib/gcc/avr/4.8.1/avr51\libgcc.a(_divmodhi4.o) (__udivmodhi4)
c:/program files (x86)/atmel/atmel toolchain/avr8 gcc/native/3.4.1061/avr8-gnu-toolchain/bin/../lib/gcc/avr/4.8.1/../../../../avr/lib/avr51\libc.a(strcpy.o)
                              src/fuzzy_speed_controller.o (strcpy)

Allocating common symbols
Common symbol       size              file

System_Outputs      0x2               src/general_FIS.o
pwmP                0x2               src/fuzzy_speed_controller.o
uart0_tx_full_flag  0x1               src/uart_buffer.o
speedP              0x2               src/fuzzy_speed_controller.o
uart0_rx_not_empty_flag
                    0x1               src/uart_buffer.o
uart0_rx_full_flag  0x1               src/uart_buffer.o
UART1_reciever_buffer
                    0x20              src/main.o
uart0_tx_not_empty_flag
                    0x1               src/uart_buffer.o
uart0_rx_overf_flag
                    0x1               src/uart_buffer.o
System_Inputs       0x2               src/general_FIS.o
counter_UART1_reciever
                    0x2               src/main.o
rule1P              0x2               src/fuzzy_speed_controller.o
pidData             0x8               src/main.o
Rule_Base           0x2               src/general_FIS.o
uart0_tx_overf_flag
                    0x1               src/uart_buffer.o

Discarded input sections

 .data          0x00000000        0x0 c:/program files (x86)/atmel/atmel toolchain/avr8 gcc/native/3.4.1061/avr8-gnu-toolchain/bin/../lib/gcc/avr/4.8.1/../../../../avr/lib/avr51/crtm1284p.o
 .bss           0x00000000        0x0 c:/program files (x86)/atmel/atmel toolchain/avr8 gcc/native/3.4.1061/avr8-gnu-toolchain/bin/../lib/gcc/avr/4.8.1/../../../../avr/lib/avr51/crtm1284p.o
 .group         0x00000000        0x8 src/fuzzyParkingRoutine.o
 .text          0x00000000        0x0 src/fuzzyParkingRoutine.o
 .data          0x00000000        0x0 src/fuzzyParkingRoutine.o
 .bss           0x00000000        0x0 src/fuzzyParkingRoutine.o
 .debug_info    0x00000000       0x21 src/fuzzyParkingRoutine.o
 .debug_abbrev  0x00000000       0x13 src/fuzzyParkingRoutine.o
 .debug_aranges
                0x00000000       0x18 src/fuzzyParkingRoutine.o
 .debug_macro   0x00000000       0x11 src/fuzzyParkingRoutine.o
 .debug_macro   0x00000000      0xa48 src/fuzzyParkingRoutine.o
 .debug_line    0x00000000       0x3a src/fuzzyParkingRoutine.o
 .debug_str     0x00000000     0x2acc src/fuzzyParkingRoutine.o
 .comment       0x00000000       0x31 src/fuzzyParkingRoutine.o
 .group         0x00000000        0x8 src/fuzzySteering.o
 .group         0x00000000        0x8 src/fuzzySteering.o
 .group         0x00000000        0x8 src/fuzzySteering.o
 .group         0x00000000        0x8 src/fuzzySteering.o
 .group         0x00000000        0x8 src/fuzzySteering.o
 .group         0x00000000        0x8 src/fuzzySteering.o
 .group         0x00000000        0x8 src/fuzzySteering.o
 .group         0x00000000        0x8 src/fuzzySteering.o
 .group         0x00000000        0x8 src/fuzzySteering.o
 .group         0x00000000        0x8 src/fuzzySteering.o
 .group         0x00000000        0x8 src/fuzzySteering.o
 .group         0x00000000        0x8 src/fuzzySteering.o
 .text          0x00000000        0x0 src/fuzzySteering.o
 .data          0x00000000        0x0 src/fuzzySteering.o
 .bss           0x00000000        0x0 src/fuzzySteering.o
 .debug_macro   0x00000000      0xa48 src/fuzzySteering.o
 .group         0x00000000        0x8 src/fuzzy_speed_controller.o
 .group         0x00000000        0x8 src/fuzzy_speed_controller.o
 .group         0x00000000        0x8 src/fuzzy_speed_controller.o
 .group         0x00000000        0x8 src/fuzzy_speed_controller.o
 .group         0x00000000        0x8 src/fuzzy_speed_controller.o
 .group         0x00000000        0x8 src/fuzzy_speed_controller.o
 .group         0x00000000        0x8 src/fuzzy_speed_controller.o
 .group         0x00000000        0x8 src/fuzzy_speed_controller.o
 .group         0x00000000        0x8 src/fuzzy_speed_controller.o
 .group         0x00000000        0x8 src/fuzzy_speed_controller.o
 .group         0x00000000        0x8 src/fuzzy_speed_controller.o
 .group         0x00000000        0x8 src/fuzzy_speed_controller.o
 .text          0x00000000        0x0 src/fuzzy_speed_controller.o
 .data          0x00000000        0x0 src/fuzzy_speed_controller.o
 .bss           0x00000000        0x0 src/fuzzy_speed_controller.o
 .text.set_newMf
                0x00000000       0x64 src/fuzzy_speed_controller.o
 .text.set_newRule
                0x00000000       0x1a src/fuzzy_speed_controller.o
 .debug_macro   0x00000000      0xa48 src/fuzzy_speed_controller.o
 .debug_macro   0x00000000       0x16 src/fuzzy_speed_controller.o
 .debug_macro   0x00000000       0x97 src/fuzzy_speed_controller.o
 .debug_macro   0x00000000       0x16 src/fuzzy_speed_controller.o
 .debug_macro   0x00000000      0x1ad src/fuzzy_speed_controller.o
 .debug_macro   0x00000000      0x293 src/fuzzy_speed_controller.o
 .debug_macro   0x00000000       0x58 src/fuzzy_speed_controller.o
 .debug_macro   0x00000000       0x10 src/fuzzy_speed_controller.o
 .debug_macro   0x00000000       0x20 src/fuzzy_speed_controller.o
 .debug_macro   0x00000000       0xeb src/fuzzy_speed_controller.o
 .debug_macro   0x00000000       0x16 src/fuzzy_speed_controller.o
 .debug_macro   0x00000000       0x2e src/fuzzy_speed_controller.o
 COMMON         0x00000000        0x6 src/fuzzy_speed_controller.o
 .group         0x00000000        0x8 src/general_FIS.o
 .group         0x00000000        0x8 src/general_FIS.o
 .group         0x00000000        0x8 src/general_FIS.o
 .group         0x00000000        0x8 src/general_FIS.o
 .group         0x00000000        0x8 src/general_FIS.o
 .group         0x00000000        0x8 src/general_FIS.o
 .group         0x00000000        0x8 src/general_FIS.o
 .group         0x00000000        0x8 src/general_FIS.o
 .group         0x00000000        0x8 src/general_FIS.o
 .group         0x00000000        0x8 src/general_FIS.o
 .group         0x00000000        0x8 src/general_FIS.o
 .text          0x00000000        0x0 src/general_FIS.o
 .data          0x00000000        0x0 src/general_FIS.o
 .bss           0x00000000        0x0 src/general_FIS.o
 .text.setPointers
                0x00000000       0x1a src/general_FIS.o
 .text.max      0x00000000        0xa src/general_FIS.o
 .text.min      0x00000000        0xa src/general_FIS.o
 .debug_macro   0x00000000      0xa48 src/general_FIS.o
 .debug_macro   0x00000000      0x1ad src/general_FIS.o
 .debug_macro   0x00000000      0x293 src/general_FIS.o
 .debug_macro   0x00000000       0x58 src/general_FIS.o
 .debug_macro   0x00000000       0x10 src/general_FIS.o
 .debug_macro   0x00000000       0x97 src/general_FIS.o
 .debug_macro   0x00000000       0xeb src/general_FIS.o
 .debug_macro   0x00000000       0x16 src/general_FIS.o
 .debug_macro   0x00000000       0x16 src/general_FIS.o
 .debug_macro   0x00000000       0x20 src/general_FIS.o
 .debug_macro   0x00000000       0x16 src/general_FIS.o
 .group         0x00000000        0x8 src/main.o
 .group         0x00000000        0x8 src/main.o
 .group         0x00000000        0x8 src/main.o
 .group         0x00000000        0x8 src/main.o
 .group         0x00000000        0x8 src/main.o
 .group         0x00000000        0x8 src/main.o
 .group         0x00000000        0x8 src/main.o
 .group         0x00000000        0x8 src/main.o
 .group         0x00000000        0x8 src/main.o
 .group         0x00000000        0x8 src/main.o
 .group         0x00000000        0x8 src/main.o
 .group         0x00000000        0x8 src/main.o
 .group         0x00000000        0x8 src/main.o
 .group         0x00000000        0x8 src/main.o
 .group         0x00000000        0x8 src/main.o
 .group         0x00000000        0x8 src/main.o
 .group         0x00000000        0x8 src/main.o
 .group         0x00000000        0x8 src/main.o
 .group         0x00000000        0x8 src/main.o
 .group         0x00000000        0x8 src/main.o
 .group         0x00000000        0x8 src/main.o
 .group         0x00000000        0x8 src/main.o
 .group         0x00000000        0x8 src/main.o
 .group         0x00000000        0x8 src/main.o
 .group         0x00000000        0x8 src/main.o
 .group         0x00000000        0x8 src/main.o
 .group         0x00000000        0x8 src/main.o
 .group         0x00000000        0x8 src/main.o
 .group         0x00000000        0x8 src/main.o
 .group         0x00000000        0x8 src/main.o
 .group         0x00000000        0x8 src/main.o
 .group         0x00000000        0x8 src/main.o
 .group         0x00000000        0x8 src/main.o
 .group         0x00000000        0x8 src/main.o
 .text          0x00000000        0x0 src/main.o
 .data          0x00000000        0x0 src/main.o
 .bss           0x00000000        0x0 src/main.o
 .text.Init     0x00000000       0x1c src/main.o
 .text.Get_Reference
                0x00000000        0x6 src/main.o
 .text.Get_Measurement
                0x00000000        0x6 src/main.o
 .data.circleArch
                0x00000000        0x4 src/main.o
 .bss.speedInterrupt
                0x00000000        0x2 src/main.o
 .bss.speedCounter
                0x00000000        0x2 src/main.o
 .bss.drivingMode
                0x00000000        0xc src/main.o
 .bss.carInitialized
                0x00000000        0x2 src/main.o
 .bss.SPI_FLAG  0x00000000        0x2 src/main.o
 .bss.elapsedSeconds
                0x00000000        0x2 src/main.o
 .debug_macro   0x00000000      0xa48 src/main.o
 .debug_macro   0x00000000      0x1ad src/main.o
 .debug_macro   0x00000000      0x293 src/main.o
 .debug_macro   0x00000000       0x2e src/main.o
 .debug_macro   0x00000000       0x16 src/main.o
 .debug_macro   0x00000000       0x58 src/main.o
 .debug_macro   0x00000000       0x10 src/main.o
 .debug_macro   0x00000000       0xeb src/main.o
 .debug_macro   0x00000000       0x16 src/main.o
 .group         0x00000000        0x8 src/manualMode.o
 .group         0x00000000        0x8 src/manualMode.o
 .group         0x00000000        0x8 src/manualMode.o
 .group         0x00000000        0x8 src/manualMode.o
 .group         0x00000000        0x8 src/manualMode.o
 .group         0x00000000        0x8 src/manualMode.o
 .group         0x00000000        0x8 src/manualMode.o
 .group         0x00000000        0x8 src/manualMode.o
 .group         0x00000000        0x8 src/manualMode.o
 .group         0x00000000        0x8 src/manualMode.o
 .group         0x00000000        0x8 src/manualMode.o
 .group         0x00000000        0x8 src/manualMode.o
 .group         0x00000000        0x8 src/manualMode.o
 .text          0x00000000        0x0 src/manualMode.o
 .data          0x00000000        0x0 src/manualMode.o
 .bss           0x00000000        0x0 src/manualMode.o
 .text.manualMode
                0x00000000       0xa2 src/manualMode.o
 .bss.manualInstruction
                0x00000000        0x8 src/manualMode.o
 .debug_info    0x00000000      0x19c src/manualMode.o
 .debug_abbrev  0x00000000       0xc6 src/manualMode.o
 .debug_aranges
                0x00000000       0x20 src/manualMode.o
 .debug_ranges  0x00000000       0x10 src/manualMode.o
 .debug_macro   0x00000000       0xa9 src/manualMode.o
 .debug_macro   0x00000000      0xa48 src/manualMode.o
 .debug_macro   0x00000000       0x2e src/manualMode.o
 .debug_macro   0x00000000       0x10 src/manualMode.o
 .debug_macro   0x00000000      0x1ad src/manualMode.o
 .debug_macro   0x00000000      0x293 src/manualMode.o
 .debug_macro   0x00000000       0x9e src/manualMode.o
 .debug_macro   0x00000000     0x1a23 src/manualMode.o
 .debug_macro   0x00000000      0x171 src/manualMode.o
 .debug_macro   0x00000000       0xcb src/manualMode.o
 .debug_macro   0x00000000       0x34 src/manualMode.o
 .debug_macro   0x00000000       0x18 src/manualMode.o
 .debug_macro   0x00000000       0x6c src/manualMode.o
 .debug_macro   0x00000000       0x63 src/manualMode.o
 .debug_line    0x00000000      0x291 src/manualMode.o
 .debug_str     0x00000000     0x7305 src/manualMode.o
 .comment       0x00000000       0x31 src/manualMode.o
 .debug_frame   0x00000000       0x24 src/manualMode.o
 COMMON         0x00000000        0x0 src/manualMode.o
 .group         0x00000000        0x8 src/pid.o
 .group         0x00000000        0x8 src/pid.o
 .group         0x00000000        0x8 src/pid.o
 .text          0x00000000        0x0 src/pid.o
 .data          0x00000000        0x0 src/pid.o
 .bss           0x00000000        0x0 src/pid.o
 .text.pid_Init
                0x00000000       0x22 src/pid.o
 .text.pid_Controller
                0x00000000       0x76 src/pid.o
 .debug_info    0x00000000      0x19f src/pid.o
 .debug_abbrev  0x00000000       0xe2 src/pid.o
 .debug_loc     0x00000000      0x12a src/pid.o
 .debug_aranges
                0x00000000       0x28 src/pid.o
 .debug_ranges  0x00000000       0x18 src/pid.o
 .debug_macro   0x00000000       0x33 src/pid.o
 .debug_macro   0x00000000      0xa48 src/pid.o
 .debug_macro   0x00000000      0x1ad src/pid.o
 .debug_macro   0x00000000       0x1c src/pid.o
 .debug_line    0x00000000      0x195 src/pid.o
 .debug_str     0x00000000     0x32d8 src/pid.o
 .comment       0x00000000       0x31 src/pid.o
 .debug_frame   0x00000000       0x34 src/pid.o
 .group         0x00000000        0x8 src/servo.o
 .group         0x00000000        0x8 src/servo.o
 .group         0x00000000        0x8 src/servo.o
 .group         0x00000000        0x8 src/servo.o
 .group         0x00000000        0x8 src/servo.o
 .group         0x00000000        0x8 src/servo.o
 .group         0x00000000        0x8 src/servo.o
 .group         0x00000000        0x8 src/servo.o
 .group         0x00000000        0x8 src/servo.o
 .group         0x00000000        0x8 src/servo.o
 .group         0x00000000        0x8 src/servo.o
 .group         0x00000000        0x8 src/servo.o
 .group         0x00000000        0x8 src/servo.o
 .group         0x00000000        0x8 src/servo.o
 .group         0x00000000        0x8 src/servo.o
 .group         0x00000000        0x8 src/servo.o
 .group         0x00000000        0x8 src/servo.o
 .group         0x00000000        0x8 src/servo.o
 .group         0x00000000        0x8 src/servo.o
 .group         0x00000000        0x8 src/servo.o
 .group         0x00000000        0x8 src/servo.o
 .group         0x00000000        0x8 src/servo.o
 .group         0x00000000        0x8 src/servo.o
 .group         0x00000000        0x8 src/servo.o
 .group         0x00000000        0x8 src/servo.o
 .group         0x00000000        0x8 src/servo.o
 .text          0x00000000        0x0 src/servo.o
 .data          0x00000000        0x0 src/servo.o
 .bss           0x00000000        0x0 src/servo.o
 .data.MANUAL_REVERSE
                0x00000000        0x2 src/servo.o
 .data.MANUAL_FORWARD
                0x00000000        0x2 src/servo.o
 .debug_macro   0x00000000      0xa48 src/servo.o
 .debug_macro   0x00000000       0x10 src/servo.o
 .debug_macro   0x00000000      0x1ad src/servo.o
 .debug_macro   0x00000000      0x293 src/servo.o
 .debug_macro   0x00000000       0x9e src/servo.o
 .debug_macro   0x00000000     0x1a23 src/servo.o
 .debug_macro   0x00000000      0x171 src/servo.o
 .debug_macro   0x00000000       0xcb src/servo.o
 .debug_macro   0x00000000       0x34 src/servo.o
 .debug_macro   0x00000000       0x18 src/servo.o
 .debug_macro   0x00000000       0x6c src/servo.o
 .debug_macro   0x00000000       0x22 src/servo.o
 .debug_macro   0x00000000      0x166 src/servo.o
 .debug_macro   0x00000000       0x1c src/servo.o
 .debug_macro   0x00000000       0x35 src/servo.o
 .debug_macro   0x00000000       0x66 src/servo.o
 .debug_macro   0x00000000      0x4ae src/servo.o
 .debug_macro   0x00000000       0x44 src/servo.o
 .debug_macro   0x00000000       0x69 src/servo.o
 .debug_macro   0x00000000       0x2c src/servo.o
 .debug_macro   0x00000000       0x10 src/servo.o
 .debug_macro   0x00000000      0x175 src/servo.o
 .debug_macro   0x00000000       0x40 src/servo.o
 .debug_macro   0x00000000      0x100 src/servo.o
 .debug_macro   0x00000000      0x231 src/servo.o
 .debug_macro   0x00000000       0x2e src/servo.o
 .group         0x00000000        0x8 src/test_methods.o
 .group         0x00000000        0x8 src/test_methods.o
 .group         0x00000000        0x8 src/test_methods.o
 .group         0x00000000        0x8 src/test_methods.o
 .group         0x00000000        0x8 src/test_methods.o
 .group         0x00000000        0x8 src/test_methods.o
 .text          0x00000000        0x0 src/test_methods.o
 .data          0x00000000        0x0 src/test_methods.o
 .bss           0x00000000        0x0 src/test_methods.o
 .text.testmanual
                0x00000000       0x56 src/test_methods.o
 .text.testSteering
                0x00000000        0xa src/test_methods.o
 .text.testSpeed
                0x00000000       0x3e src/test_methods.o
 .text.testRoad
                0x00000000       0x1c src/test_methods.o
 .debug_info    0x00000000      0x311 src/test_methods.o
 .debug_abbrev  0x00000000      0x141 src/test_methods.o
 .debug_loc     0x00000000       0x85 src/test_methods.o
 .debug_aranges
                0x00000000       0x38 src/test_methods.o
 .debug_ranges  0x00000000       0x28 src/test_methods.o
 .debug_macro   0x00000000       0x68 src/test_methods.o
 .debug_macro   0x00000000      0xa48 src/test_methods.o
 .debug_macro   0x00000000       0x2e src/test_methods.o
 .debug_macro   0x00000000       0x10 src/test_methods.o
 .debug_macro   0x00000000      0x1ad src/test_methods.o
 .debug_macro   0x00000000      0x293 src/test_methods.o
 .debug_macro   0x00000000      0x16d src/test_methods.o
 .debug_line    0x00000000      0x2a4 src/test_methods.o
 .debug_str     0x00000000     0x3c5d src/test_methods.o
 .comment       0x00000000       0x31 src/test_methods.o
 .debug_frame   0x00000000       0x54 src/test_methods.o
 .group         0x00000000        0x8 src/uart_buffer.o
 .group         0x00000000        0x8 src/uart_buffer.o
 .group         0x00000000        0x8 src/uart_buffer.o
 .group         0x00000000        0x8 src/uart_buffer.o
 .group         0x00000000        0x8 src/uart_buffer.o
 .group         0x00000000        0x8 src/uart_buffer.o
 .group         0x00000000        0x8 src/uart_buffer.o
 .group         0x00000000        0x8 src/uart_buffer.o
 .group         0x00000000        0x8 src/uart_buffer.o
 .group         0x00000000        0x8 src/uart_buffer.o
 .group         0x00000000        0x8 src/uart_buffer.o
 .group         0x00000000        0x8 src/uart_buffer.o
 .group         0x00000000        0x8 src/uart_buffer.o
 .text          0x00000000        0x0 src/uart_buffer.o
 .data          0x00000000        0x0 src/uart_buffer.o
 .bss           0x00000000        0x0 src/uart_buffer.o
 .text.uart0_send_byte
                0x00000000       0xd2 src/uart_buffer.o
 .text.uart0_get_byte
                0x00000000       0x74 src/uart_buffer.o
 .debug_macro   0x00000000      0xa48 src/uart_buffer.o
 .debug_macro   0x00000000       0x10 src/uart_buffer.o
 .debug_macro   0x00000000      0x1ad src/uart_buffer.o
 .debug_macro   0x00000000      0x293 src/uart_buffer.o
 .debug_macro   0x00000000       0x9e src/uart_buffer.o
 .debug_macro   0x00000000     0x1a23 src/uart_buffer.o
 .debug_macro   0x00000000      0x171 src/uart_buffer.o
 .debug_macro   0x00000000       0xcb src/uart_buffer.o
 .debug_macro   0x00000000       0x34 src/uart_buffer.o
 .debug_macro   0x00000000       0x18 src/uart_buffer.o
 .debug_macro   0x00000000       0x6c src/uart_buffer.o
 .debug_macro   0x00000000       0x69 src/uart_buffer.o
 .group         0x00000000        0x8 src/ASF/common/boards/user_board/init.o
 .group         0x00000000        0x8 src/ASF/common/boards/user_board/init.o
 .group         0x00000000        0x8 src/ASF/common/boards/user_board/init.o
 .group         0x00000000        0x8 src/ASF/common/boards/user_board/init.o
 .group         0x00000000        0x8 src/ASF/common/boards/user_board/init.o
 .group         0x00000000        0x8 src/ASF/common/boards/user_board/init.o
 .group         0x00000000        0x8 src/ASF/common/boards/user_board/init.o
 .group         0x00000000        0x8 src/ASF/common/boards/user_board/init.o
 .group         0x00000000        0x8 src/ASF/common/boards/user_board/init.o
 .group         0x00000000        0x8 src/ASF/common/boards/user_board/init.o
 .group         0x00000000        0x8 src/ASF/common/boards/user_board/init.o
 .group         0x00000000        0x8 src/ASF/common/boards/user_board/init.o
 .group         0x00000000        0x8 src/ASF/common/boards/user_board/init.o
 .group         0x00000000        0x8 src/ASF/common/boards/user_board/init.o
 .group         0x00000000        0x8 src/ASF/common/boards/user_board/init.o
 .group         0x00000000        0x8 src/ASF/common/boards/user_board/init.o
 .group         0x00000000        0x8 src/ASF/common/boards/user_board/init.o
 .group         0x00000000        0x8 src/ASF/common/boards/user_board/init.o
 .group         0x00000000        0x8 src/ASF/common/boards/user_board/init.o
 .group         0x00000000        0x8 src/ASF/common/boards/user_board/init.o
 .group         0x00000000        0x8 src/ASF/common/boards/user_board/init.o
 .group         0x00000000        0x8 src/ASF/common/boards/user_board/init.o
 .group         0x00000000        0x8 src/ASF/common/boards/user_board/init.o
 .group         0x00000000        0x8 src/ASF/common/boards/user_board/init.o
 .group         0x00000000        0x8 src/ASF/common/boards/user_board/init.o
 .text          0x00000000        0x0 src/ASF/common/boards/user_board/init.o
 .data          0x00000000        0x0 src/ASF/common/boards/user_board/init.o
 .bss           0x00000000        0x0 src/ASF/common/boards/user_board/init.o
 .text.board_init
                0x00000000        0x2 src/ASF/common/boards/user_board/init.o
 .debug_info    0x00000000       0x7c src/ASF/common/boards/user_board/init.o
 .debug_abbrev  0x00000000       0x47 src/ASF/common/boards/user_board/init.o
 .debug_aranges
                0x00000000       0x20 src/ASF/common/boards/user_board/init.o
 .debug_ranges  0x00000000       0x10 src/ASF/common/boards/user_board/init.o
 .debug_macro   0x00000000      0x152 src/ASF/common/boards/user_board/init.o
 .debug_macro   0x00000000      0xa48 src/ASF/common/boards/user_board/init.o
 .debug_macro   0x00000000       0x10 src/ASF/common/boards/user_board/init.o
 .debug_macro   0x00000000      0x1ad src/ASF/common/boards/user_board/init.o
 .debug_macro   0x00000000      0x293 src/ASF/common/boards/user_board/init.o
 .debug_macro   0x00000000       0x9e src/ASF/common/boards/user_board/init.o
 .debug_macro   0x00000000     0x1a23 src/ASF/common/boards/user_board/init.o
 .debug_macro   0x00000000      0x171 src/ASF/common/boards/user_board/init.o
 .debug_macro   0x00000000       0xcb src/ASF/common/boards/user_board/init.o
 .debug_macro   0x00000000       0x34 src/ASF/common/boards/user_board/init.o
 .debug_macro   0x00000000       0x18 src/ASF/common/boards/user_board/init.o
 .debug_macro   0x00000000       0x6c src/ASF/common/boards/user_board/init.o
 .debug_macro   0x00000000       0x22 src/ASF/common/boards/user_board/init.o
 .debug_macro   0x00000000      0x166 src/ASF/common/boards/user_board/init.o
 .debug_macro   0x00000000       0x1c src/ASF/common/boards/user_board/init.o
 .debug_macro   0x00000000       0x35 src/ASF/common/boards/user_board/init.o
 .debug_macro   0x00000000       0x66 src/ASF/common/boards/user_board/init.o
 .debug_macro   0x00000000      0x4ae src/ASF/common/boards/user_board/init.o
 .debug_macro   0x00000000       0x44 src/ASF/common/boards/user_board/init.o
 .debug_macro   0x00000000       0x69 src/ASF/common/boards/user_board/init.o
 .debug_macro   0x00000000       0x2c src/ASF/common/boards/user_board/init.o
 .debug_macro   0x00000000       0x10 src/ASF/common/boards/user_board/init.o
 .debug_macro   0x00000000      0x175 src/ASF/common/boards/user_board/init.o
 .debug_macro   0x00000000       0x40 src/ASF/common/boards/user_board/init.o
 .debug_macro   0x00000000      0x100 src/ASF/common/boards/user_board/init.o
 .debug_macro   0x00000000      0x231 src/ASF/common/boards/user_board/init.o
 .debug_line    0x00000000      0x36d src/ASF/common/boards/user_board/init.o
 .debug_str     0x00000000     0xf9c8 src/ASF/common/boards/user_board/init.o
 .comment       0x00000000       0x31 src/ASF/common/boards/user_board/init.o
 .debug_frame   0x00000000       0x24 src/ASF/common/boards/user_board/init.o
 .text          0x00000000        0x0 c:/program files (x86)/atmel/atmel toolchain/avr8 gcc/native/3.4.1061/avr8-gnu-toolchain/bin/../lib/gcc/avr/4.8.1/../../../../avr/lib/avr51\libm.a(addsf3.o)
 .data          0x00000000        0x0 c:/program files (x86)/atmel/atmel toolchain/avr8 gcc/native/3.4.1061/avr8-gnu-toolchain/bin/../lib/gcc/avr/4.8.1/../../../../avr/lib/avr51\libm.a(addsf3.o)
 .bss           0x00000000        0x0 c:/program files (x86)/atmel/atmel toolchain/avr8 gcc/native/3.4.1061/avr8-gnu-toolchain/bin/../lib/gcc/avr/4.8.1/../../../../avr/lib/avr51\libm.a(addsf3.o)
 .text          0x00000000        0x0 c:/program files (x86)/atmel/atmel toolchain/avr8 gcc/native/3.4.1061/avr8-gnu-toolchain/bin/../lib/gcc/avr/4.8.1/../../../../avr/lib/avr51\libm.a(addsf3x.o)
 .data          0x00000000        0x0 c:/program files (x86)/atmel/atmel toolchain/avr8 gcc/native/3.4.1061/avr8-gnu-toolchain/bin/../lib/gcc/avr/4.8.1/../../../../avr/lib/avr51\libm.a(addsf3x.o)
 .bss           0x00000000        0x0 c:/program files (x86)/atmel/atmel toolchain/avr8 gcc/native/3.4.1061/avr8-gnu-toolchain/bin/../lib/gcc/avr/4.8.1/../../../../avr/lib/avr51\libm.a(addsf3x.o)
 .text          0x00000000        0x0 c:/program files (x86)/atmel/atmel toolchain/avr8 gcc/native/3.4.1061/avr8-gnu-toolchain/bin/../lib/gcc/avr/4.8.1/../../../../avr/lib/avr51\libm.a(divsf3.o)
 .data          0x00000000        0x0 c:/program files (x86)/atmel/atmel toolchain/avr8 gcc/native/3.4.1061/avr8-gnu-toolchain/bin/../lib/gcc/avr/4.8.1/../../../../avr/lib/avr51\libm.a(divsf3.o)
 .bss           0x00000000        0x0 c:/program files (x86)/atmel/atmel toolchain/avr8 gcc/native/3.4.1061/avr8-gnu-toolchain/bin/../lib/gcc/avr/4.8.1/../../../../avr/lib/avr51\libm.a(divsf3.o)
 .text          0x00000000        0x0 c:/program files (x86)/atmel/atmel toolchain/avr8 gcc/native/3.4.1061/avr8-gnu-toolchain/bin/../lib/gcc/avr/4.8.1/../../../../avr/lib/avr51\libm.a(divsf3x.o)
 .data          0x00000000        0x0 c:/program files (x86)/atmel/atmel toolchain/avr8 gcc/native/3.4.1061/avr8-gnu-toolchain/bin/../lib/gcc/avr/4.8.1/../../../../avr/lib/avr51\libm.a(divsf3x.o)
 .bss           0x00000000        0x0 c:/program files (x86)/atmel/atmel toolchain/avr8 gcc/native/3.4.1061/avr8-gnu-toolchain/bin/../lib/gcc/avr/4.8.1/../../../../avr/lib/avr51\libm.a(divsf3x.o)
 .text          0x00000000        0x0 c:/program files (x86)/atmel/atmel toolchain/avr8 gcc/native/3.4.1061/avr8-gnu-toolchain/bin/../lib/gcc/avr/4.8.1/../../../../avr/lib/avr51\libm.a(fixsfsi.o)
 .data          0x00000000        0x0 c:/program files (x86)/atmel/atmel toolchain/avr8 gcc/native/3.4.1061/avr8-gnu-toolchain/bin/../lib/gcc/avr/4.8.1/../../../../avr/lib/avr51\libm.a(fixsfsi.o)
 .bss           0x00000000        0x0 c:/program files (x86)/atmel/atmel toolchain/avr8 gcc/native/3.4.1061/avr8-gnu-toolchain/bin/../lib/gcc/avr/4.8.1/../../../../avr/lib/avr51\libm.a(fixsfsi.o)
 .text          0x00000000        0x0 c:/program files (x86)/atmel/atmel toolchain/avr8 gcc/native/3.4.1061/avr8-gnu-toolchain/bin/../lib/gcc/avr/4.8.1/../../../../avr/lib/avr51\libm.a(fixunssfsi.o)
 .data          0x00000000        0x0 c:/program files (x86)/atmel/atmel toolchain/avr8 gcc/native/3.4.1061/avr8-gnu-toolchain/bin/../lib/gcc/avr/4.8.1/../../../../avr/lib/avr51\libm.a(fixunssfsi.o)
 .bss           0x00000000        0x0 c:/program files (x86)/atmel/atmel toolchain/avr8 gcc/native/3.4.1061/avr8-gnu-toolchain/bin/../lib/gcc/avr/4.8.1/../../../../avr/lib/avr51\libm.a(fixunssfsi.o)
 .text          0x00000000        0x0 c:/program files (x86)/atmel/atmel toolchain/avr8 gcc/native/3.4.1061/avr8-gnu-toolchain/bin/../lib/gcc/avr/4.8.1/../../../../avr/lib/avr51\libm.a(floatsisf.o)
 .data          0x00000000        0x0 c:/program files (x86)/atmel/atmel toolchain/avr8 gcc/native/3.4.1061/avr8-gnu-toolchain/bin/../lib/gcc/avr/4.8.1/../../../../avr/lib/avr51\libm.a(floatsisf.o)
 .bss           0x00000000        0x0 c:/program files (x86)/atmel/atmel toolchain/avr8 gcc/native/3.4.1061/avr8-gnu-toolchain/bin/../lib/gcc/avr/4.8.1/../../../../avr/lib/avr51\libm.a(floatsisf.o)
 .text          0x00000000        0x0 c:/program files (x86)/atmel/atmel toolchain/avr8 gcc/native/3.4.1061/avr8-gnu-toolchain/bin/../lib/gcc/avr/4.8.1/../../../../avr/lib/avr51\libm.a(fp_inf.o)
 .data          0x00000000        0x0 c:/program files (x86)/atmel/atmel toolchain/avr8 gcc/native/3.4.1061/avr8-gnu-toolchain/bin/../lib/gcc/avr/4.8.1/../../../../avr/lib/avr51\libm.a(fp_inf.o)
 .bss           0x00000000        0x0 c:/program files (x86)/atmel/atmel toolchain/avr8 gcc/native/3.4.1061/avr8-gnu-toolchain/bin/../lib/gcc/avr/4.8.1/../../../../avr/lib/avr51\libm.a(fp_inf.o)
 .text          0x00000000        0x0 c:/program files (x86)/atmel/atmel toolchain/avr8 gcc/native/3.4.1061/avr8-gnu-toolchain/bin/../lib/gcc/avr/4.8.1/../../../../avr/lib/avr51\libm.a(fp_nan.o)
 .data          0x00000000        0x0 c:/program files (x86)/atmel/atmel toolchain/avr8 gcc/native/3.4.1061/avr8-gnu-toolchain/bin/../lib/gcc/avr/4.8.1/../../../../avr/lib/avr51\libm.a(fp_nan.o)
 .bss           0x00000000        0x0 c:/program files (x86)/atmel/atmel toolchain/avr8 gcc/native/3.4.1061/avr8-gnu-toolchain/bin/../lib/gcc/avr/4.8.1/../../../../avr/lib/avr51\libm.a(fp_nan.o)
 .text          0x00000000        0x0 c:/program files (x86)/atmel/atmel toolchain/avr8 gcc/native/3.4.1061/avr8-gnu-toolchain/bin/../lib/gcc/avr/4.8.1/../../../../avr/lib/avr51\libm.a(fp_pscA.o)
 .data          0x00000000        0x0 c:/program files (x86)/atmel/atmel toolchain/avr8 gcc/native/3.4.1061/avr8-gnu-toolchain/bin/../lib/gcc/avr/4.8.1/../../../../avr/lib/avr51\libm.a(fp_pscA.o)
 .bss           0x00000000        0x0 c:/program files (x86)/atmel/atmel toolchain/avr8 gcc/native/3.4.1061/avr8-gnu-toolchain/bin/../lib/gcc/avr/4.8.1/../../../../avr/lib/avr51\libm.a(fp_pscA.o)
 .text          0x00000000        0x0 c:/program files (x86)/atmel/atmel toolchain/avr8 gcc/native/3.4.1061/avr8-gnu-toolchain/bin/../lib/gcc/avr/4.8.1/../../../../avr/lib/avr51\libm.a(fp_pscB.o)
 .data          0x00000000        0x0 c:/program files (x86)/atmel/atmel toolchain/avr8 gcc/native/3.4.1061/avr8-gnu-toolchain/bin/../lib/gcc/avr/4.8.1/../../../../avr/lib/avr51\libm.a(fp_pscB.o)
 .bss           0x00000000        0x0 c:/program files (x86)/atmel/atmel toolchain/avr8 gcc/native/3.4.1061/avr8-gnu-toolchain/bin/../lib/gcc/avr/4.8.1/../../../../avr/lib/avr51\libm.a(fp_pscB.o)
 .text          0x00000000        0x0 c:/program files (x86)/atmel/atmel toolchain/avr8 gcc/native/3.4.1061/avr8-gnu-toolchain/bin/../lib/gcc/avr/4.8.1/../../../../avr/lib/avr51\libm.a(fp_round.o)
 .data          0x00000000        0x0 c:/program files (x86)/atmel/atmel toolchain/avr8 gcc/native/3.4.1061/avr8-gnu-toolchain/bin/../lib/gcc/avr/4.8.1/../../../../avr/lib/avr51\libm.a(fp_round.o)
 .bss           0x00000000        0x0 c:/program files (x86)/atmel/atmel toolchain/avr8 gcc/native/3.4.1061/avr8-gnu-toolchain/bin/../lib/gcc/avr/4.8.1/../../../../avr/lib/avr51\libm.a(fp_round.o)
 .text          0x00000000        0x0 c:/program files (x86)/atmel/atmel toolchain/avr8 gcc/native/3.4.1061/avr8-gnu-toolchain/bin/../lib/gcc/avr/4.8.1/../../../../avr/lib/avr51\libm.a(fp_split3.o)
 .data          0x00000000        0x0 c:/program files (x86)/atmel/atmel toolchain/avr8 gcc/native/3.4.1061/avr8-gnu-toolchain/bin/../lib/gcc/avr/4.8.1/../../../../avr/lib/avr51\libm.a(fp_split3.o)
 .bss           0x00000000        0x0 c:/program files (x86)/atmel/atmel toolchain/avr8 gcc/native/3.4.1061/avr8-gnu-toolchain/bin/../lib/gcc/avr/4.8.1/../../../../avr/lib/avr51\libm.a(fp_split3.o)
 .text          0x00000000        0x0 c:/program files (x86)/atmel/atmel toolchain/avr8 gcc/native/3.4.1061/avr8-gnu-toolchain/bin/../lib/gcc/avr/4.8.1/../../../../avr/lib/avr51\libm.a(fp_zero.o)
 .data          0x00000000        0x0 c:/program files (x86)/atmel/atmel toolchain/avr8 gcc/native/3.4.1061/avr8-gnu-toolchain/bin/../lib/gcc/avr/4.8.1/../../../../avr/lib/avr51\libm.a(fp_zero.o)
 .bss           0x00000000        0x0 c:/program files (x86)/atmel/atmel toolchain/avr8 gcc/native/3.4.1061/avr8-gnu-toolchain/bin/../lib/gcc/avr/4.8.1/../../../../avr/lib/avr51\libm.a(fp_zero.o)
 .text          0x00000000        0x0 c:/program files (x86)/atmel/atmel toolchain/avr8 gcc/native/3.4.1061/avr8-gnu-toolchain/bin/../lib/gcc/avr/4.8.1/../../../../avr/lib/avr51\libm.a(mulsf3.o)
 .data          0x00000000        0x0 c:/program files (x86)/atmel/atmel toolchain/avr8 gcc/native/3.4.1061/avr8-gnu-toolchain/bin/../lib/gcc/avr/4.8.1/../../../../avr/lib/avr51\libm.a(mulsf3.o)
 .bss           0x00000000        0x0 c:/program files (x86)/atmel/atmel toolchain/avr8 gcc/native/3.4.1061/avr8-gnu-toolchain/bin/../lib/gcc/avr/4.8.1/../../../../avr/lib/avr51\libm.a(mulsf3.o)
 .text          0x00000000        0x0 c:/program files (x86)/atmel/atmel toolchain/avr8 gcc/native/3.4.1061/avr8-gnu-toolchain/bin/../lib/gcc/avr/4.8.1/../../../../avr/lib/avr51\libm.a(mulsf3x.o)
 .data          0x00000000        0x0 c:/program files (x86)/atmel/atmel toolchain/avr8 gcc/native/3.4.1061/avr8-gnu-toolchain/bin/../lib/gcc/avr/4.8.1/../../../../avr/lib/avr51\libm.a(mulsf3x.o)
 .bss           0x00000000        0x0 c:/program files (x86)/atmel/atmel toolchain/avr8 gcc/native/3.4.1061/avr8-gnu-toolchain/bin/../lib/gcc/avr/4.8.1/../../../../avr/lib/avr51\libm.a(mulsf3x.o)
 .text          0x00000000        0x0 c:/program files (x86)/atmel/atmel toolchain/avr8 gcc/native/3.4.1061/avr8-gnu-toolchain/bin/../lib/gcc/avr/4.8.1/avr51\libgcc.a(_divmodhi4.o)
 .data          0x00000000        0x0 c:/program files (x86)/atmel/atmel toolchain/avr8 gcc/native/3.4.1061/avr8-gnu-toolchain/bin/../lib/gcc/avr/4.8.1/avr51\libgcc.a(_divmodhi4.o)
 .bss           0x00000000        0x0 c:/program files (x86)/atmel/atmel toolchain/avr8 gcc/native/3.4.1061/avr8-gnu-toolchain/bin/../lib/gcc/avr/4.8.1/avr51\libgcc.a(_divmodhi4.o)
 .text.libgcc.mul
                0x00000000        0x0 c:/program files (x86)/atmel/atmel toolchain/avr8 gcc/native/3.4.1061/avr8-gnu-toolchain/bin/../lib/gcc/avr/4.8.1/avr51\libgcc.a(_divmodhi4.o)
 .text.libgcc   0x00000000        0x0 c:/program files (x86)/atmel/atmel toolchain/avr8 gcc/native/3.4.1061/avr8-gnu-toolchain/bin/../lib/gcc/avr/4.8.1/avr51\libgcc.a(_divmodhi4.o)
 .text.libgcc.prologue
                0x00000000        0x0 c:/program files (x86)/atmel/atmel toolchain/avr8 gcc/native/3.4.1061/avr8-gnu-toolchain/bin/../lib/gcc/avr/4.8.1/avr51\libgcc.a(_divmodhi4.o)
 .text.libgcc.builtins
                0x00000000        0x0 c:/program files (x86)/atmel/atmel toolchain/avr8 gcc/native/3.4.1061/avr8-gnu-toolchain/bin/../lib/gcc/avr/4.8.1/avr51\libgcc.a(_divmodhi4.o)
 .text.libgcc.fmul
                0x00000000        0x0 c:/program files (x86)/atmel/atmel toolchain/avr8 gcc/native/3.4.1061/avr8-gnu-toolchain/bin/../lib/gcc/avr/4.8.1/avr51\libgcc.a(_divmodhi4.o)
 .text.libgcc.fixed
                0x00000000        0x0 c:/program files (x86)/atmel/atmel toolchain/avr8 gcc/native/3.4.1061/avr8-gnu-toolchain/bin/../lib/gcc/avr/4.8.1/avr51\libgcc.a(_divmodhi4.o)
 .text          0x00000000        0x0 c:/program files (x86)/atmel/atmel toolchain/avr8 gcc/native/3.4.1061/avr8-gnu-toolchain/bin/../lib/gcc/avr/4.8.1/avr51\libgcc.a(_exit.o)
 .data          0x00000000        0x0 c:/program files (x86)/atmel/atmel toolchain/avr8 gcc/native/3.4.1061/avr8-gnu-toolchain/bin/../lib/gcc/avr/4.8.1/avr51\libgcc.a(_exit.o)
 .bss           0x00000000        0x0 c:/program files (x86)/atmel/atmel toolchain/avr8 gcc/native/3.4.1061/avr8-gnu-toolchain/bin/../lib/gcc/avr/4.8.1/avr51\libgcc.a(_exit.o)
 .text.libgcc.mul
                0x00000000        0x0 c:/program files (x86)/atmel/atmel toolchain/avr8 gcc/native/3.4.1061/avr8-gnu-toolchain/bin/../lib/gcc/avr/4.8.1/avr51\libgcc.a(_exit.o)
 .text.libgcc.div
                0x00000000        0x0 c:/program files (x86)/atmel/atmel toolchain/avr8 gcc/native/3.4.1061/avr8-gnu-toolchain/bin/../lib/gcc/avr/4.8.1/avr51\libgcc.a(_exit.o)
 .text.libgcc   0x00000000        0x0 c:/program files (x86)/atmel/atmel toolchain/avr8 gcc/native/3.4.1061/avr8-gnu-toolchain/bin/../lib/gcc/avr/4.8.1/avr51\libgcc.a(_exit.o)
 .text.libgcc.prologue
                0x00000000        0x0 c:/program files (x86)/atmel/atmel toolchain/avr8 gcc/native/3.4.1061/avr8-gnu-toolchain/bin/../lib/gcc/avr/4.8.1/avr51\libgcc.a(_exit.o)
 .text.libgcc.builtins
                0x00000000        0x0 c:/program files (x86)/atmel/atmel toolchain/avr8 gcc/native/3.4.1061/avr8-gnu-toolchain/bin/../lib/gcc/avr/4.8.1/avr51\libgcc.a(_exit.o)
 .text.libgcc.fmul
                0x00000000        0x0 c:/program files (x86)/atmel/atmel toolchain/avr8 gcc/native/3.4.1061/avr8-gnu-toolchain/bin/../lib/gcc/avr/4.8.1/avr51\libgcc.a(_exit.o)
 .text.libgcc.fixed
                0x00000000        0x0 c:/program files (x86)/atmel/atmel toolchain/avr8 gcc/native/3.4.1061/avr8-gnu-toolchain/bin/../lib/gcc/avr/4.8.1/avr51\libgcc.a(_exit.o)
 .text          0x00000000        0x0 c:/program files (x86)/atmel/atmel toolchain/avr8 gcc/native/3.4.1061/avr8-gnu-toolchain/bin/../lib/gcc/avr/4.8.1/avr51\libgcc.a(_copy_data.o)
 .data          0x00000000        0x0 c:/program files (x86)/atmel/atmel toolchain/avr8 gcc/native/3.4.1061/avr8-gnu-toolchain/bin/../lib/gcc/avr/4.8.1/avr51\libgcc.a(_copy_data.o)
 .bss           0x00000000        0x0 c:/program files (x86)/atmel/atmel toolchain/avr8 gcc/native/3.4.1061/avr8-gnu-toolchain/bin/../lib/gcc/avr/4.8.1/avr51\libgcc.a(_copy_data.o)
 .text.libgcc.mul
                0x00000000        0x0 c:/program files (x86)/atmel/atmel toolchain/avr8 gcc/native/3.4.1061/avr8-gnu-toolchain/bin/../lib/gcc/avr/4.8.1/avr51\libgcc.a(_copy_data.o)
 .text.libgcc.div
                0x00000000        0x0 c:/program files (x86)/atmel/atmel toolchain/avr8 gcc/native/3.4.1061/avr8-gnu-toolchain/bin/../lib/gcc/avr/4.8.1/avr51\libgcc.a(_copy_data.o)
 .text.libgcc   0x00000000        0x0 c:/program files (x86)/atmel/atmel toolchain/avr8 gcc/native/3.4.1061/avr8-gnu-toolchain/bin/../lib/gcc/avr/4.8.1/avr51\libgcc.a(_copy_data.o)
 .text.libgcc.prologue
                0x00000000        0x0 c:/program files (x86)/atmel/atmel toolchain/avr8 gcc/native/3.4.1061/avr8-gnu-toolchain/bin/../lib/gcc/avr/4.8.1/avr51\libgcc.a(_copy_data.o)
 .text.libgcc.builtins
                0x00000000        0x0 c:/program files (x86)/atmel/atmel toolchain/avr8 gcc/native/3.4.1061/avr8-gnu-toolchain/bin/../lib/gcc/avr/4.8.1/avr51\libgcc.a(_copy_data.o)
 .text.libgcc.fmul
                0x00000000        0x0 c:/program files (x86)/atmel/atmel toolchain/avr8 gcc/native/3.4.1061/avr8-gnu-toolchain/bin/../lib/gcc/avr/4.8.1/avr51\libgcc.a(_copy_data.o)
 .text.libgcc.fixed
                0x00000000        0x0 c:/program files (x86)/atmel/atmel toolchain/avr8 gcc/native/3.4.1061/avr8-gnu-toolchain/bin/../lib/gcc/avr/4.8.1/avr51\libgcc.a(_copy_data.o)
 .text          0x00000000        0x0 c:/program files (x86)/atmel/atmel toolchain/avr8 gcc/native/3.4.1061/avr8-gnu-toolchain/bin/../lib/gcc/avr/4.8.1/avr51\libgcc.a(_clear_bss.o)
 .data          0x00000000        0x0 c:/program files (x86)/atmel/atmel toolchain/avr8 gcc/native/3.4.1061/avr8-gnu-toolchain/bin/../lib/gcc/avr/4.8.1/avr51\libgcc.a(_clear_bss.o)
 .bss           0x00000000        0x0 c:/program files (x86)/atmel/atmel toolchain/avr8 gcc/native/3.4.1061/avr8-gnu-toolchain/bin/../lib/gcc/avr/4.8.1/avr51\libgcc.a(_clear_bss.o)
 .text.libgcc.mul
                0x00000000        0x0 c:/program files (x86)/atmel/atmel toolchain/avr8 gcc/native/3.4.1061/avr8-gnu-toolchain/bin/../lib/gcc/avr/4.8.1/avr51\libgcc.a(_clear_bss.o)
 .text.libgcc.div
                0x00000000        0x0 c:/program files (x86)/atmel/atmel toolchain/avr8 gcc/native/3.4.1061/avr8-gnu-toolchain/bin/../lib/gcc/avr/4.8.1/avr51\libgcc.a(_clear_bss.o)
 .text.libgcc   0x00000000        0x0 c:/program files (x86)/atmel/atmel toolchain/avr8 gcc/native/3.4.1061/avr8-gnu-toolchain/bin/../lib/gcc/avr/4.8.1/avr51\libgcc.a(_clear_bss.o)
 .text.libgcc.prologue
                0x00000000        0x0 c:/program files (x86)/atmel/atmel toolchain/avr8 gcc/native/3.4.1061/avr8-gnu-toolchain/bin/../lib/gcc/avr/4.8.1/avr51\libgcc.a(_clear_bss.o)
 .text.libgcc.builtins
                0x00000000        0x0 c:/program files (x86)/atmel/atmel toolchain/avr8 gcc/native/3.4.1061/avr8-gnu-toolchain/bin/../lib/gcc/avr/4.8.1/avr51\libgcc.a(_clear_bss.o)
 .text.libgcc.fmul
                0x00000000        0x0 c:/program files (x86)/atmel/atmel toolchain/avr8 gcc/native/3.4.1061/avr8-gnu-toolchain/bin/../lib/gcc/avr/4.8.1/avr51\libgcc.a(_clear_bss.o)
 .text.libgcc.fixed
                0x00000000        0x0 c:/program files (x86)/atmel/atmel toolchain/avr8 gcc/native/3.4.1061/avr8-gnu-toolchain/bin/../lib/gcc/avr/4.8.1/avr51\libgcc.a(_clear_bss.o)
 .text          0x00000000        0x0 c:/program files (x86)/atmel/atmel toolchain/avr8 gcc/native/3.4.1061/avr8-gnu-toolchain/bin/../lib/gcc/avr/4.8.1/avr51\libgcc.a(_udivmodhi4.o)
 .data          0x00000000        0x0 c:/program files (x86)/atmel/atmel toolchain/avr8 gcc/native/3.4.1061/avr8-gnu-toolchain/bin/../lib/gcc/avr/4.8.1/avr51\libgcc.a(_udivmodhi4.o)
 .bss           0x00000000        0x0 c:/program files (x86)/atmel/atmel toolchain/avr8 gcc/native/3.4.1061/avr8-gnu-toolchain/bin/../lib/gcc/avr/4.8.1/avr51\libgcc.a(_udivmodhi4.o)
 .text.libgcc.mul
                0x00000000        0x0 c:/program files (x86)/atmel/atmel toolchain/avr8 gcc/native/3.4.1061/avr8-gnu-toolchain/bin/../lib/gcc/avr/4.8.1/avr51\libgcc.a(_udivmodhi4.o)
 .text.libgcc   0x00000000        0x0 c:/program files (x86)/atmel/atmel toolchain/avr8 gcc/native/3.4.1061/avr8-gnu-toolchain/bin/../lib/gcc/avr/4.8.1/avr51\libgcc.a(_udivmodhi4.o)
 .text.libgcc.prologue
                0x00000000        0x0 c:/program files (x86)/atmel/atmel toolchain/avr8 gcc/native/3.4.1061/avr8-gnu-toolchain/bin/../lib/gcc/avr/4.8.1/avr51\libgcc.a(_udivmodhi4.o)
 .text.libgcc.builtins
                0x00000000        0x0 c:/program files (x86)/atmel/atmel toolchain/avr8 gcc/native/3.4.1061/avr8-gnu-toolchain/bin/../lib/gcc/avr/4.8.1/avr51\libgcc.a(_udivmodhi4.o)
 .text.libgcc.fmul
                0x00000000        0x0 c:/program files (x86)/atmel/atmel toolchain/avr8 gcc/native/3.4.1061/avr8-gnu-toolchain/bin/../lib/gcc/avr/4.8.1/avr51\libgcc.a(_udivmodhi4.o)
 .text.libgcc.fixed
                0x00000000        0x0 c:/program files (x86)/atmel/atmel toolchain/avr8 gcc/native/3.4.1061/avr8-gnu-toolchain/bin/../lib/gcc/avr/4.8.1/avr51\libgcc.a(_udivmodhi4.o)
 .text          0x00000000        0x0 c:/program files (x86)/atmel/atmel toolchain/avr8 gcc/native/3.4.1061/avr8-gnu-toolchain/bin/../lib/gcc/avr/4.8.1/../../../../avr/lib/avr51\libc.a(strcpy.o)
 .data          0x00000000        0x0 c:/program files (x86)/atmel/atmel toolchain/avr8 gcc/native/3.4.1061/avr8-gnu-toolchain/bin/../lib/gcc/avr/4.8.1/../../../../avr/lib/avr51\libc.a(strcpy.o)
 .bss           0x00000000        0x0 c:/program files (x86)/atmel/atmel toolchain/avr8 gcc/native/3.4.1061/avr8-gnu-toolchain/bin/../lib/gcc/avr/4.8.1/../../../../avr/lib/avr51\libc.a(strcpy.o)
 .text.avr-libc
                0x00000000        0xe c:/program files (x86)/atmel/atmel toolchain/avr8 gcc/native/3.4.1061/avr8-gnu-toolchain/bin/../lib/gcc/avr/4.8.1/../../../../avr/lib/avr51\libc.a(strcpy.o)

Memory Configuration

Name             Origin             Length             Attributes
text             0x00000000         0x00020000         xr
data             0x00800100         0x0000ff00         rw !x
eeprom           0x00810000         0x00010000         rw !x
fuse             0x00820000         0x00000400         rw !x
lock             0x00830000         0x00000400         rw !x
signature        0x00840000         0x00000400         rw !x
user_signatures  0x00850000         0x00000400         rw !x
*default*        0x00000000         0xffffffff

Linker script and memory map

Address of section .data set to 0x800100
LOAD c:/program files (x86)/atmel/atmel toolchain/avr8 gcc/native/3.4.1061/avr8-gnu-toolchain/bin/../lib/gcc/avr/4.8.1/../../../../avr/lib/avr51/crtm1284p.o
LOAD src/fuzzyParkingRoutine.o
LOAD src/fuzzySteering.o
LOAD src/fuzzy_speed_controller.o
LOAD src/general_FIS.o
LOAD src/main.o
LOAD src/manualMode.o
LOAD src/pid.o
LOAD src/servo.o
LOAD src/test_methods.o
LOAD src/uart_buffer.o
LOAD src/ASF/common/boards/user_board/init.o
START GROUP
LOAD c:/program files (x86)/atmel/atmel toolchain/avr8 gcc/native/3.4.1061/avr8-gnu-toolchain/bin/../lib/gcc/avr/4.8.1/../../../../avr/lib/avr51\libm.a
END GROUP
START GROUP
LOAD c:/program files (x86)/atmel/atmel toolchain/avr8 gcc/native/3.4.1061/avr8-gnu-toolchain/bin/../lib/gcc/avr/4.8.1/avr51\libgcc.a
LOAD c:/program files (x86)/atmel/atmel toolchain/avr8 gcc/native/3.4.1061/avr8-gnu-toolchain/bin/../lib/gcc/avr/4.8.1/../../../../avr/lib/avr51\libm.a
LOAD c:/program files (x86)/atmel/atmel toolchain/avr8 gcc/native/3.4.1061/avr8-gnu-toolchain/bin/../lib/gcc/avr/4.8.1/../../../../avr/lib/avr51\libc.a
END GROUP

.hash
 *(.hash)

.dynsym
 *(.dynsym)

.dynstr
 *(.dynstr)

.gnu.version
 *(.gnu.version)

.gnu.version_d
 *(.gnu.version_d)

.gnu.version_r
 *(.gnu.version_r)

.rel.init
 *(.rel.init)

.rela.init
 *(.rela.init)

.rel.text
 *(.rel.text)
 *(.rel.text.*)
 *(.rel.gnu.linkonce.t*)

.rela.text
 *(.rela.text)
 *(.rela.text.*)
 *(.rela.gnu.linkonce.t*)

.rel.fini
 *(.rel.fini)

.rela.fini
 *(.rela.fini)

.rel.rodata
 *(.rel.rodata)
 *(.rel.rodata.*)
 *(.rel.gnu.linkonce.r*)

.rela.rodata
 *(.rela.rodata)
 *(.rela.rodata.*)
 *(.rela.gnu.linkonce.r*)

.rel.data
 *(.rel.data)
 *(.rel.data.*)
 *(.rel.gnu.linkonce.d*)

.rela.data
 *(.rela.data)
 *(.rela.data.*)
 *(.rela.gnu.linkonce.d*)

.rel.ctors
 *(.rel.ctors)

.rela.ctors
 *(.rela.ctors)

.rel.dtors
 *(.rel.dtors)

.rela.dtors
 *(.rela.dtors)

.rel.got
 *(.rel.got)

.rela.got
 *(.rela.got)

.rel.bss
 *(.rel.bss)

.rela.bss
 *(.rela.bss)

.rel.plt
 *(.rel.plt)

.rela.plt
 *(.rela.plt)

.text           0x00000000     0x1ec8
 *(.vectors)
 .vectors       0x00000000       0x8c c:/program files (x86)/atmel/atmel toolchain/avr8 gcc/native/3.4.1061/avr8-gnu-toolchain/bin/../lib/gcc/avr/4.8.1/../../../../avr/lib/avr51/crtm1284p.o
                0x00000000                __vector_default
                0x00000000                __vectors
 *(.vectors)
 *(.progmem.gcc*)
                0x0000008c                . = ALIGN (0x2)
                0x0000008c                __trampolines_start = .
 *(.trampolines)
 .trampolines   0x0000008c        0x0 linker stubs
 *(.trampolines*)
                0x0000008c                __trampolines_end = .
 *(.progmem*)
                0x0000008c                . = ALIGN (0x2)
 *(.jumptables)
 *(.jumptables*)
 *(.lowtext)
 *(.lowtext*)
                0x0000008c                __ctors_start = .
 *(.ctors)
                0x0000008c                __ctors_end = .
                0x0000008c                __dtors_start = .
 *(.dtors)
                0x0000008c                __dtors_end = .
 SORT(*)(.ctors)
 SORT(*)(.dtors)
 *(.init0)
 .init0         0x0000008c        0x0 c:/program files (x86)/atmel/atmel toolchain/avr8 gcc/native/3.4.1061/avr8-gnu-toolchain/bin/../lib/gcc/avr/4.8.1/../../../../avr/lib/avr51/crtm1284p.o
                0x0000008c                __init
 *(.init0)
 *(.init1)
 *(.init1)
 *(.init2)
 .init2         0x0000008c        0xc c:/program files (x86)/atmel/atmel toolchain/avr8 gcc/native/3.4.1061/avr8-gnu-toolchain/bin/../lib/gcc/avr/4.8.1/../../../../avr/lib/avr51/crtm1284p.o
 *(.init2)
 *(.init3)
 *(.init3)
 *(.init4)
 .init4         0x00000098       0x1a c:/program files (x86)/atmel/atmel toolchain/avr8 gcc/native/3.4.1061/avr8-gnu-toolchain/bin/../lib/gcc/avr/4.8.1/avr51\libgcc.a(_copy_data.o)
                0x00000098                __do_copy_data
 .init4         0x000000b2       0x10 c:/program files (x86)/atmel/atmel toolchain/avr8 gcc/native/3.4.1061/avr8-gnu-toolchain/bin/../lib/gcc/avr/4.8.1/avr51\libgcc.a(_clear_bss.o)
                0x000000b2                __do_clear_bss
 *(.init4)
 *(.init5)
 *(.init5)
 *(.init6)
 *(.init6)
 *(.init7)
 *(.init7)
 *(.init8)
 *(.init8)
 *(.init9)
 .init9         0x000000c2        0x8 c:/program files (x86)/atmel/atmel toolchain/avr8 gcc/native/3.4.1061/avr8-gnu-toolchain/bin/../lib/gcc/avr/4.8.1/../../../../avr/lib/avr51/crtm1284p.o
 *(.init9)
 *(.text)
 .text          0x000000ca        0x2 c:/program files (x86)/atmel/atmel toolchain/avr8 gcc/native/3.4.1061/avr8-gnu-toolchain/bin/../lib/gcc/avr/4.8.1/../../../../avr/lib/avr51/crtm1284p.o
                0x000000ca                __vector_1
                0x000000ca                __vector_32
                0x000000ca                __vector_34
                0x000000ca                __vector_24
                0x000000ca                __vector_12
                0x000000ca                __bad_interrupt
                0x000000ca                __vector_6
                0x000000ca                __vector_31
                0x000000ca                __vector_3
                0x000000ca                __vector_23
                0x000000ca                __vector_30
                0x000000ca                __vector_25
                0x000000ca                __vector_11
                0x000000ca                __vector_13
                0x000000ca                __vector_17
                0x000000ca                __vector_19
                0x000000ca                __vector_7
                0x000000ca                __vector_27
                0x000000ca                __vector_5
                0x000000ca                __vector_33
                0x000000ca                __vector_4
                0x000000ca                __vector_9
                0x000000ca                __vector_2
                0x000000ca                __vector_21
                0x000000ca                __vector_15
                0x000000ca                __vector_29
                0x000000ca                __vector_8
                0x000000ca                __vector_26
                0x000000ca                __vector_14
                0x000000ca                __vector_10
                0x000000ca                __vector_16
                0x000000cc                . = ALIGN (0x2)
 *(.text.*)
 .text.FLC_steering
                0x000000cc      0x9d8 src/fuzzySteering.o
                0x000000cc                FLC_steering
 .text.FLC_road
                0x00000aa4      0x96c src/fuzzy_speed_controller.o
                0x00000aa4                FLC_road
 .text.compute_degree_of_membership
                0x00001410       0x6a src/general_FIS.o
                0x00001410                compute_degree_of_membership
 .text.compute_area_of_trapezoid
                0x0000147a       0x5a src/general_FIS.o
                0x0000147a                compute_area_of_trapezoid
 .text.fuzzification
                0x000014d4       0x4e src/general_FIS.o
                0x000014d4                fuzzification
 .text.rule_evaluation
                0x00001522       0x8c src/general_FIS.o
                0x00001522                rule_evaluation
 .text.defuzzification
                0x000015ae      0x17a src/general_FIS.o
                0x000015ae                defuzzification
 .text.__vector_28
                0x00001728       0x5e src/main.o
                0x00001728                __vector_28
 .text.SPI_slaveInit
                0x00001786        0xa src/main.o
                0x00001786                SPI_slaveInit
 .text.carInit  0x00001790       0x12 src/main.o
                0x00001790                carInit
 .text.USART1_init
                0x000017a2       0x1a src/main.o
                0x000017a2                USART1_init
 .text.Sens_info_read
                0x000017bc       0x2a src/main.o
                0x000017bc                Sens_info_read
 .text.__vector_18
                0x000017e6       0x4e src/main.o
                0x000017e6                __vector_18
 .text.main     0x00001834       0x82 src/main.o
                0x00001834                main
 .text.pwmInit  0x000018b6       0x1e src/servo.o
                0x000018b6                pwmInit
 .text.setESC   0x000018d4       0x36 src/servo.o
                0x000018d4                setESC
 .text.setServo
                0x0000190a       0x36 src/servo.o
                0x0000190a                setServo
 .text.__vector_20
                0x00001940       0xb6 src/uart_buffer.o
                0x00001940                __vector_20
 .text.__vector_22
                0x000019f6       0xa2 src/uart_buffer.o
                0x000019f6                __vector_22
 .text.avr-libc.fplib
                0x00001a98        0xa c:/program files (x86)/atmel/atmel toolchain/avr8 gcc/native/3.4.1061/avr8-gnu-toolchain/bin/../lib/gcc/avr/4.8.1/../../../../avr/lib/avr51\libm.a(addsf3.o)
                0x00001a98                __subsf3
                0x00001a9a                __addsf3
 .text.avr-libc.fplib
                0x00001aa2       0xc0 c:/program files (x86)/atmel/atmel toolchain/avr8 gcc/native/3.4.1061/avr8-gnu-toolchain/bin/../lib/gcc/avr/4.8.1/../../../../avr/lib/avr51\libm.a(addsf3x.o)
                0x00001abc                __addsf3x
 .text.avr-libc.fplib
                0x00001b62        0x4 c:/program files (x86)/atmel/atmel toolchain/avr8 gcc/native/3.4.1061/avr8-gnu-toolchain/bin/../lib/gcc/avr/4.8.1/../../../../avr/lib/avr51\libm.a(divsf3.o)
                0x00001b62                __divsf3
 .text.avr-libc.fplib
                0x00001b66       0xcc c:/program files (x86)/atmel/atmel toolchain/avr8 gcc/native/3.4.1061/avr8-gnu-toolchain/bin/../lib/gcc/avr/4.8.1/../../../../avr/lib/avr51\libm.a(divsf3x.o)
                0x00001b7c                __divsf3x
                0x00001b80                __divsf3_pse
 .text.avr-libc.fplib
                0x00001c32        0xa c:/program files (x86)/atmel/atmel toolchain/avr8 gcc/native/3.4.1061/avr8-gnu-toolchain/bin/../lib/gcc/avr/4.8.1/../../../../avr/lib/avr51\libm.a(fixsfsi.o)
                0x00001c32                __fixsfsi
 .text.avr-libc.fplib
                0x00001c3c       0x58 c:/program files (x86)/atmel/atmel toolchain/avr8 gcc/native/3.4.1061/avr8-gnu-toolchain/bin/../lib/gcc/avr/4.8.1/../../../../avr/lib/avr51\libm.a(fixunssfsi.o)
                0x00001c3c                __fixunssfsi
 .text.avr-libc.fplib
                0x00001c94       0x7a c:/program files (x86)/atmel/atmel toolchain/avr8 gcc/native/3.4.1061/avr8-gnu-toolchain/bin/../lib/gcc/avr/4.8.1/../../../../avr/lib/avr51\libm.a(floatsisf.o)
                0x00001c94                __floatunsisf
                0x00001c98                __floatsisf
 .text.avr-libc.fplib
                0x00001d0e        0xc c:/program files (x86)/atmel/atmel toolchain/avr8 gcc/native/3.4.1061/avr8-gnu-toolchain/bin/../lib/gcc/avr/4.8.1/../../../../avr/lib/avr51\libm.a(fp_inf.o)
                0x00001d0e                __fp_inf
 .text.avr-libc.fplib
                0x00001d1a        0x6 c:/program files (x86)/atmel/atmel toolchain/avr8 gcc/native/3.4.1061/avr8-gnu-toolchain/bin/../lib/gcc/avr/4.8.1/../../../../avr/lib/avr51\libm.a(fp_nan.o)
                0x00001d1a                __fp_nan
 .text.avr-libc.fplib
                0x00001d20        0xe c:/program files (x86)/atmel/atmel toolchain/avr8 gcc/native/3.4.1061/avr8-gnu-toolchain/bin/../lib/gcc/avr/4.8.1/../../../../avr/lib/avr51\libm.a(fp_pscA.o)
                0x00001d20                __fp_pscA
 .text.avr-libc.fplib
                0x00001d2e        0xe c:/program files (x86)/atmel/atmel toolchain/avr8 gcc/native/3.4.1061/avr8-gnu-toolchain/bin/../lib/gcc/avr/4.8.1/../../../../avr/lib/avr51\libm.a(fp_pscB.o)
                0x00001d2e                __fp_pscB
 .text.avr-libc.fplib
                0x00001d3c       0x22 c:/program files (x86)/atmel/atmel toolchain/avr8 gcc/native/3.4.1061/avr8-gnu-toolchain/bin/../lib/gcc/avr/4.8.1/../../../../avr/lib/avr51\libm.a(fp_round.o)
                0x00001d3c                __fp_round
 .text.avr-libc.fplib
                0x00001d5e       0x44 c:/program files (x86)/atmel/atmel toolchain/avr8 gcc/native/3.4.1061/avr8-gnu-toolchain/bin/../lib/gcc/avr/4.8.1/../../../../avr/lib/avr51\libm.a(fp_split3.o)
                0x00001d5e                __fp_split3
                0x00001d6e                __fp_splitA
 .text.avr-libc.fplib
                0x00001da2        0xe c:/program files (x86)/atmel/atmel toolchain/avr8 gcc/native/3.4.1061/avr8-gnu-toolchain/bin/../lib/gcc/avr/4.8.1/../../../../avr/lib/avr51\libm.a(fp_zero.o)
                0x00001da2                __fp_zero
                0x00001da4                __fp_szero
 .text.avr-libc.fplib
                0x00001db0        0x4 c:/program files (x86)/atmel/atmel toolchain/avr8 gcc/native/3.4.1061/avr8-gnu-toolchain/bin/../lib/gcc/avr/4.8.1/../../../../avr/lib/avr51\libm.a(mulsf3.o)
                0x00001db0                __mulsf3
 .text.avr-libc.fplib
                0x00001db4       0xc2 c:/program files (x86)/atmel/atmel toolchain/avr8 gcc/native/3.4.1061/avr8-gnu-toolchain/bin/../lib/gcc/avr/4.8.1/../../../../avr/lib/avr51\libm.a(mulsf3x.o)
                0x00001dc8                __mulsf3x
                0x00001dcc                __mulsf3_pse
 .text.libgcc.div
                0x00001e76       0x26 c:/program files (x86)/atmel/atmel toolchain/avr8 gcc/native/3.4.1061/avr8-gnu-toolchain/bin/../lib/gcc/avr/4.8.1/avr51\libgcc.a(_divmodhi4.o)
                0x00001e76                _div
                0x00001e76                __divmodhi4
 .text.libgcc.div
                0x00001e9c       0x28 c:/program files (x86)/atmel/atmel toolchain/avr8 gcc/native/3.4.1061/avr8-gnu-toolchain/bin/../lib/gcc/avr/4.8.1/avr51\libgcc.a(_udivmodhi4.o)
                0x00001e9c                __udivmodhi4
                0x00001ec4                . = ALIGN (0x2)
 *(.fini9)
 .fini9         0x00001ec4        0x0 c:/program files (x86)/atmel/atmel toolchain/avr8 gcc/native/3.4.1061/avr8-gnu-toolchain/bin/../lib/gcc/avr/4.8.1/avr51\libgcc.a(_exit.o)
                0x00001ec4                _exit
                0x00001ec4                exit
 *(.fini9)
 *(.fini8)
 *(.fini8)
 *(.fini7)
 *(.fini7)
 *(.fini6)
 *(.fini6)
 *(.fini5)
 *(.fini5)
 *(.fini4)
 *(.fini4)
 *(.fini3)
 *(.fini3)
 *(.fini2)
 *(.fini2)
 *(.fini1)
 *(.fini1)
 *(.fini0)
 .fini0         0x00001ec4        0x4 c:/program files (x86)/atmel/atmel toolchain/avr8 gcc/native/3.4.1061/avr8-gnu-toolchain/bin/../lib/gcc/avr/4.8.1/avr51\libgcc.a(_exit.o)
 *(.fini0)
                0x00001ec8                _etext = .

.data           0x00800100       0xfc load address 0x00001ec8
                0x00800100                PROVIDE (__data_start, .)
 *(.data)
 *(.data*)
 *(.rodata)
 *(.rodata*)
 .rodata.str1.1
                0x00800100       0xa6 src/fuzzySteering.o
                                 0xac (size before relaxing)
 .rodata.str1.1
                0x008001a6       0x55 src/fuzzy_speed_controller.o
                                 0x61 (size before relaxing)
 *(.gnu.linkonce.d*)
                0x008001fc                . = ALIGN (0x2)
 *fill*         0x008001fb        0x1 
                0x008001fc                _edata = .
                0x008001fc                PROVIDE (__data_end, .)

.bss            0x008001fc       0xc5
                0x008001fc                PROVIDE (__bss_start, .)
 *(.bss)
 *(.bss*)
 .bss.i.2345    0x008001fc        0x2 src/main.o
 .bss.gFlags    0x008001fe        0x1 src/main.o
                0x008001fe                gFlags
 .bss.tx_uart0  0x008001ff       0x46 src/uart_buffer.o
                0x008001ff                tx_uart0
 .bss.rx_uart0  0x00800245       0x46 src/uart_buffer.o
                0x00800245                rx_uart0
 *(COMMON)
 COMMON         0x0080028b        0x6 src/general_FIS.o
                0x0080028b                System_Outputs
                0x0080028d                System_Inputs
                0x0080028f                Rule_Base
 COMMON         0x00800291       0x2a src/main.o
                0x00800291                UART1_reciever_buffer
                0x008002b1                counter_UART1_reciever
                0x008002b3                pidData
 COMMON         0x008002bb        0x6 src/uart_buffer.o
                0x008002bb                uart0_tx_full_flag
                0x008002bc                uart0_rx_not_empty_flag
                0x008002bd                uart0_rx_full_flag
                0x008002be                uart0_tx_not_empty_flag
                0x008002bf                uart0_rx_overf_flag
                0x008002c0                uart0_tx_overf_flag
                0x008002c1                PROVIDE (__bss_end, .)
                0x00001ec8                __data_load_start = LOADADDR (.data)
                0x00001fc4                __data_load_end = (__data_load_start + SIZEOF (.data))

.noinit         0x008002c1        0x0
                0x008002c1                PROVIDE (__noinit_start, .)
 *(.noinit*)
                0x008002c1                PROVIDE (__noinit_end, .)
                0x008002c1                _end = .
                0x008002c1                PROVIDE (__heap_start, .)

.eeprom         0x00810000        0x0
 *(.eeprom*)
                0x00810000                __eeprom_end = .

.fuse
 *(.fuse)
 *(.lfuse)
 *(.hfuse)
 *(.efuse)

.lock
 *(.lock*)

.signature
 *(.signature*)

.user_signatures
 *(.user_signatures*)

.stab
 *(.stab)

.stabstr
 *(.stabstr)

.stab.excl
 *(.stab.excl)

.stab.exclstr
 *(.stab.exclstr)

.stab.index
 *(.stab.index)

.stab.indexstr
 *(.stab.indexstr)

.comment        0x00000000       0x30
 *(.comment)
 .comment       0x00000000       0x30 src/fuzzySteering.o
                                 0x31 (size before relaxing)
 .comment       0x00000000       0x31 src/fuzzy_speed_controller.o
 .comment       0x00000000       0x31 src/general_FIS.o
 .comment       0x00000000       0x31 src/main.o
 .comment       0x00000000       0x31 src/servo.o
 .comment       0x00000000       0x31 src/uart_buffer.o

.note.gnu.build-id
 *(.note.gnu.build-id)

.debug
 *(.debug)

.line
 *(.line)

.debug_srcinfo
 *(.debug_srcinfo)

.debug_sfnames
 *(.debug_sfnames)

.debug_aranges  0x00000000      0x178
 *(.debug_aranges)
 .debug_aranges
                0x00000000       0x20 src/fuzzySteering.o
 .debug_aranges
                0x00000020       0x30 src/fuzzy_speed_controller.o
 .debug_aranges
                0x00000050       0x58 src/general_FIS.o
 .debug_aranges
                0x000000a8       0x68 src/main.o
 .debug_aranges
                0x00000110       0x30 src/servo.o
 .debug_aranges
                0x00000140       0x38 src/uart_buffer.o

.debug_pubnames
 *(.debug_pubnames)

.debug_info     0x00000000     0x1f3e
 *(.debug_info .gnu.linkonce.wi.*)
 .debug_info    0x00000000      0x5f7 src/fuzzySteering.o
 .debug_info    0x000005f7      0xb74 src/fuzzy_speed_controller.o
 .debug_info    0x0000116b      0x535 src/general_FIS.o
 .debug_info    0x000016a0      0x590 src/main.o
 .debug_info    0x00001c30      0x10a src/servo.o
 .debug_info    0x00001d3a      0x204 src/uart_buffer.o

.debug_abbrev   0x00000000      0x881
 *(.debug_abbrev)
 .debug_abbrev  0x00000000       0xf4 src/fuzzySteering.o
 .debug_abbrev  0x000000f4      0x21b src/fuzzy_speed_controller.o
 .debug_abbrev  0x0000030f      0x1c6 src/general_FIS.o
 .debug_abbrev  0x000004d5      0x205 src/main.o
 .debug_abbrev  0x000006da       0x8e src/servo.o
 .debug_abbrev  0x00000768      0x119 src/uart_buffer.o

.debug_line     0x00000000     0x1fcb
 *(.debug_line .debug_line.* .debug_line_end)
 .debug_line    0x00000000      0x70a src/fuzzySteering.o
 .debug_line    0x0000070a      0x730 src/fuzzy_speed_controller.o
 .debug_line    0x00000e3a      0x378 src/general_FIS.o
 .debug_line    0x000011b2      0x65c src/main.o
 .debug_line    0x0000180e      0x3ee src/servo.o
 .debug_line    0x00001bfc      0x3cf src/uart_buffer.o

.debug_frame    0x00000000      0x484
 *(.debug_frame)
 .debug_frame   0x00000000       0x88 src/fuzzySteering.o
 .debug_frame   0x00000088       0xdc src/fuzzy_speed_controller.o
 .debug_frame   0x00000164      0x130 src/general_FIS.o
 .debug_frame   0x00000294      0x100 src/main.o
 .debug_frame   0x00000394       0x44 src/servo.o
 .debug_frame   0x000003d8       0xac src/uart_buffer.o

.debug_str      0x00000000    0x10b79
 *(.debug_str)
 .debug_str     0x00000000     0x4126 src/fuzzySteering.o
                               0x4218 (size before relaxing)
 .debug_str     0x00004126      0x194 src/fuzzy_speed_controller.o
                               0x42d7 (size before relaxing)
 .debug_str     0x000042ba       0xfa src/general_FIS.o
                               0x4109 (size before relaxing)
 .debug_str     0x000043b4     0xc653 src/main.o
                              0x10777 (size before relaxing)
 .debug_str     0x00010a07       0x45 src/servo.o
                               0xfa58 (size before relaxing)
 .debug_str     0x00010a4c      0x12d src/uart_buffer.o
                               0x7381 (size before relaxing)

.debug_loc      0x00000000     0x1095
 *(.debug_loc)
 .debug_loc     0x00000000      0x1a2 src/fuzzySteering.o
 .debug_loc     0x000001a2      0x399 src/fuzzy_speed_controller.o
 .debug_loc     0x0000053b      0x7e5 src/general_FIS.o
 .debug_loc     0x00000d20      0x161 src/main.o
 .debug_loc     0x00000e81       0xa8 src/servo.o
 .debug_loc     0x00000f29      0x16c src/uart_buffer.o

.debug_macinfo
 *(.debug_macinfo)

.debug_weaknames
 *(.debug_weaknames)

.debug_funcnames
 *(.debug_funcnames)

.debug_typenames
 *(.debug_typenames)

.debug_varnames
 *(.debug_varnames)

.debug_pubtypes
 *(.debug_pubtypes)

.debug_ranges   0x00000000      0x148
 *(.debug_ranges)
 .debug_ranges  0x00000000       0x10 src/fuzzySteering.o
 .debug_ranges  0x00000010       0x20 src/fuzzy_speed_controller.o
 .debug_ranges  0x00000030       0x78 src/general_FIS.o
 .debug_ranges  0x000000a8       0x58 src/main.o
 .debug_ranges  0x00000100       0x20 src/servo.o
 .debug_ranges  0x00000120       0x28 src/uart_buffer.o

.debug_macro    0x00000000     0x38af
 *(.debug_macro)
 .debug_macro   0x00000000       0x8c src/fuzzySteering.o
 .debug_macro   0x0000008c       0x16 src/fuzzySteering.o
 .debug_macro   0x000000a2       0x97 src/fuzzySteering.o
 .debug_macro   0x00000139       0x16 src/fuzzySteering.o
 .debug_macro   0x0000014f       0x16 src/fuzzySteering.o
 .debug_macro   0x00000165      0x1ad src/fuzzySteering.o
 .debug_macro   0x00000312      0x293 src/fuzzySteering.o
 .debug_macro   0x000005a5       0x58 src/fuzzySteering.o
 .debug_macro   0x000005fd       0x10 src/fuzzySteering.o
 .debug_macro   0x0000060d       0x20 src/fuzzySteering.o
 .debug_macro   0x0000062d       0xeb src/fuzzySteering.o
 .debug_macro   0x00000718       0x2e src/fuzzySteering.o
 .debug_macro   0x00000746       0xa4 src/fuzzy_speed_controller.o
 .debug_macro   0x000007ea       0x79 src/general_FIS.o
 .debug_macro   0x00000863      0x20a src/main.o
 .debug_macro   0x00000a6d       0x10 src/main.o
 .debug_macro   0x00000a7d       0x9e src/main.o
 .debug_macro   0x00000b1b     0x1a23 src/main.o
 .debug_macro   0x0000253e      0x171 src/main.o
 .debug_macro   0x000026af       0xcb src/main.o
 .debug_macro   0x0000277a       0x34 src/main.o
 .debug_macro   0x000027ae       0x18 src/main.o
 .debug_macro   0x000027c6       0x6c src/main.o
 .debug_macro   0x00002832       0x22 src/main.o
 .debug_macro   0x00002854      0x166 src/main.o
 .debug_macro   0x000029ba       0x1c src/main.o
 .debug_macro   0x000029d6       0x35 src/main.o
 .debug_macro   0x00002a0b       0x66 src/main.o
 .debug_macro   0x00002a71      0x4ae src/main.o
 .debug_macro   0x00002f1f       0x44 src/main.o
 .debug_macro   0x00002f63       0x69 src/main.o
 .debug_macro   0x00002fcc       0x2c src/main.o
 .debug_macro   0x00002ff8       0x10 src/main.o
 .debug_macro   0x00003008      0x175 src/main.o
 .debug_macro   0x0000317d       0x40 src/main.o
 .debug_macro   0x000031bd      0x100 src/main.o
 .debug_macro   0x000032bd      0x231 src/main.o
 .debug_macro   0x000034ee       0x10 src/main.o
 .debug_macro   0x000034fe      0x167 src/main.o
 .debug_macro   0x00003665       0x22 src/main.o
 .debug_macro   0x00003687      0x17f src/servo.o
 .debug_macro   0x00003806       0x99 src/uart_buffer.o
 .debug_macro   0x0000389f       0x10 src/uart_buffer.o
OUTPUT(Kandidatprojekt.elf elf32-avr)
LOAD linker stubs
