Archive member included because of file (symbol)

c:/program files (x86)/atmel/atmel toolchain/avr8 gcc/native/3.4.1061/avr8-gnu-toolchain/bin/../lib/gcc/avr/4.8.1/../../../../avr/lib/avr51\libm.a(addsf3.o)
                              src/general_FIS.o (__addsf3)
c:/program files (x86)/atmel/atmel toolchain/avr8 gcc/native/3.4.1061/avr8-gnu-toolchain/bin/../lib/gcc/avr/4.8.1/../../../../avr/lib/avr51\libm.a(addsf3x.o)
                              c:/program files (x86)/atmel/atmel toolchain/avr8 gcc/native/3.4.1061/avr8-gnu-toolchain/bin/../lib/gcc/avr/4.8.1/../../../../avr/lib/avr51\libm.a(addsf3.o) (__addsf3x)
c:/program files (x86)/atmel/atmel toolchain/avr8 gcc/native/3.4.1061/avr8-gnu-toolchain/bin/../lib/gcc/avr/4.8.1/../../../../avr/lib/avr51\libm.a(divsf3.o)
                              src/general_FIS.o (__divsf3)
c:/program files (x86)/atmel/atmel toolchain/avr8 gcc/native/3.4.1061/avr8-gnu-toolchain/bin/../lib/gcc/avr/4.8.1/../../../../avr/lib/avr51\libm.a(divsf3x.o)
                              c:/program files (x86)/atmel/atmel toolchain/avr8 gcc/native/3.4.1061/avr8-gnu-toolchain/bin/../lib/gcc/avr/4.8.1/../../../../avr/lib/avr51\libm.a(divsf3.o) (__divsf3x)
c:/program files (x86)/atmel/atmel toolchain/avr8 gcc/native/3.4.1061/avr8-gnu-toolchain/bin/../lib/gcc/avr/4.8.1/../../../../avr/lib/avr51\libm.a(fixsfsi.o)
                              src/general_FIS.o (__fixsfsi)
c:/program files (x86)/atmel/atmel toolchain/avr8 gcc/native/3.4.1061/avr8-gnu-toolchain/bin/../lib/gcc/avr/4.8.1/../../../../avr/lib/avr51\libm.a(fixunssfsi.o)
                              c:/program files (x86)/atmel/atmel toolchain/avr8 gcc/native/3.4.1061/avr8-gnu-toolchain/bin/../lib/gcc/avr/4.8.1/../../../../avr/lib/avr51\libm.a(fixsfsi.o) (__fixunssfsi)
c:/program files (x86)/atmel/atmel toolchain/avr8 gcc/native/3.4.1061/avr8-gnu-toolchain/bin/../lib/gcc/avr/4.8.1/../../../../avr/lib/avr51\libm.a(floatsisf.o)
                              src/general_FIS.o (__floatsisf)
c:/program files (x86)/atmel/atmel toolchain/avr8 gcc/native/3.4.1061/avr8-gnu-toolchain/bin/../lib/gcc/avr/4.8.1/../../../../avr/lib/avr51\libm.a(fp_inf.o)
                              c:/program files (x86)/atmel/atmel toolchain/avr8 gcc/native/3.4.1061/avr8-gnu-toolchain/bin/../lib/gcc/avr/4.8.1/../../../../avr/lib/avr51\libm.a(addsf3x.o) (__fp_inf)
c:/program files (x86)/atmel/atmel toolchain/avr8 gcc/native/3.4.1061/avr8-gnu-toolchain/bin/../lib/gcc/avr/4.8.1/../../../../avr/lib/avr51\libm.a(fp_nan.o)
                              c:/program files (x86)/atmel/atmel toolchain/avr8 gcc/native/3.4.1061/avr8-gnu-toolchain/bin/../lib/gcc/avr/4.8.1/../../../../avr/lib/avr51\libm.a(addsf3x.o) (__fp_nan)
c:/program files (x86)/atmel/atmel toolchain/avr8 gcc/native/3.4.1061/avr8-gnu-toolchain/bin/../lib/gcc/avr/4.8.1/../../../../avr/lib/avr51\libm.a(fp_pscA.o)
                              c:/program files (x86)/atmel/atmel toolchain/avr8 gcc/native/3.4.1061/avr8-gnu-toolchain/bin/../lib/gcc/avr/4.8.1/../../../../avr/lib/avr51\libm.a(addsf3x.o) (__fp_pscA)
c:/program files (x86)/atmel/atmel toolchain/avr8 gcc/native/3.4.1061/avr8-gnu-toolchain/bin/../lib/gcc/avr/4.8.1/../../../../avr/lib/avr51\libm.a(fp_pscB.o)
                              c:/program files (x86)/atmel/atmel toolchain/avr8 gcc/native/3.4.1061/avr8-gnu-toolchain/bin/../lib/gcc/avr/4.8.1/../../../../avr/lib/avr51\libm.a(addsf3x.o) (__fp_pscB)
c:/program files (x86)/atmel/atmel toolchain/avr8 gcc/native/3.4.1061/avr8-gnu-toolchain/bin/../lib/gcc/avr/4.8.1/../../../../avr/lib/avr51\libm.a(fp_round.o)
                              c:/program files (x86)/atmel/atmel toolchain/avr8 gcc/native/3.4.1061/avr8-gnu-toolchain/bin/../lib/gcc/avr/4.8.1/../../../../avr/lib/avr51\libm.a(addsf3.o) (__fp_round)
c:/program files (x86)/atmel/atmel toolchain/avr8 gcc/native/3.4.1061/avr8-gnu-toolchain/bin/../lib/gcc/avr/4.8.1/../../../../avr/lib/avr51\libm.a(fp_split3.o)
                              c:/program files (x86)/atmel/atmel toolchain/avr8 gcc/native/3.4.1061/avr8-gnu-toolchain/bin/../lib/gcc/avr/4.8.1/../../../../avr/lib/avr51\libm.a(addsf3x.o) (__fp_split3)
c:/program files (x86)/atmel/atmel toolchain/avr8 gcc/native/3.4.1061/avr8-gnu-toolchain/bin/../lib/gcc/avr/4.8.1/../../../../avr/lib/avr51\libm.a(fp_zero.o)
                              c:/program files (x86)/atmel/atmel toolchain/avr8 gcc/native/3.4.1061/avr8-gnu-toolchain/bin/../lib/gcc/avr/4.8.1/../../../../avr/lib/avr51\libm.a(addsf3x.o) (__fp_zero)
c:/program files (x86)/atmel/atmel toolchain/avr8 gcc/native/3.4.1061/avr8-gnu-toolchain/bin/../lib/gcc/avr/4.8.1/../../../../avr/lib/avr51\libm.a(mulsf3.o)
                              src/general_FIS.o (__mulsf3)
c:/program files (x86)/atmel/atmel toolchain/avr8 gcc/native/3.4.1061/avr8-gnu-toolchain/bin/../lib/gcc/avr/4.8.1/../../../../avr/lib/avr51\libm.a(mulsf3x.o)
[...]
Memory Configuration

Name             Origin             Length             Attributes
text             0x00000000         0x00020000         xr
data             0x00800100         0x0000ff00         rw !x
eeprom           0x00810000         0x00010000         rw !x
fuse             0x00820000         0x00000400         rw !x
lock             0x00830000         0x00000400         rw !x
signature        0x00840000         0x00000400         rw !x
user_signatures  0x00850000         0x00000400         rw !x
*default*        0x00000000         0xffffffff

Linker script and memory map

Address of section .data set to 0x800100
LOAD c:/program files (x86)/atmel/atmel toolchain/avr8 gcc/native/3.4.1061/avr8-gnu-toolchain/bin/../lib/gcc/avr/4.8.1/../../../../avr/lib/avr51/crtm1284p.o
LOAD src/backUp.o
LOAD src/counter16b.o
LOAD src/FLC_speed.o
LOAD src/fuzzyParkingAlgorithm.o
LOAD src/fuzzySteering.o
LOAD src/fuzzy_speed_controller.o
LOAD src/general_FIS.o
LOAD src/intersection.o
LOAD src/main.o
LOAD src/manualMode.o
LOAD src/nFuzzySteering.o
LOAD src/pid.o
LOAD src/servo.o
LOAD src/spi_buffer_slave.o
LOAD src/stopLine.o
LOAD src/test_methods.o
LOAD src/uart_buffer.o
LOAD src/ASF/common/boards/user_board/init.o
START GROUP
LOAD c:/program files (x86)/atmel/atmel toolchain/avr8 gcc/native/3.4.1061/avr8-gnu-toolchain/bin/../lib/gcc/avr/4.8.1/../../../../avr/lib/avr51\libm.a
END GROUP
START GROUP
LOAD c:/program files (x86)/atmel/atmel toolchain/avr8 gcc/native/3.4.1061/avr8-gnu-toolchain/bin/../lib/gcc/avr/4.8.1/avr51\libgcc.a
LOAD c:/program files (x86)/atmel/atmel toolchain/avr8 gcc/native/3.4.1061/avr8-gnu-toolchain/bin/../lib/gcc/avr/4.8.1/../../../../avr/lib/avr51\libm.a
LOAD c:/program files (x86)/atmel/atmel toolchain/avr8 gcc/native/3.4.1061/avr8-gnu-toolchain/bin/../lib/gcc/avr/4.8.1/../../../../avr/lib/avr51\libc.a
END GROUP

.hash
 *(.hash)

.dynsym
 *(.dynsym)

.dynstr
 *(.dynstr)

.gnu.version
 *(.gnu.version)

.gnu.version_d
 *(.gnu.version_d)

.gnu.version_r
 *(.gnu.version_r)

.rel.init
 *(.rel.init)

.rela.init
 *(.rela.init)

.rel.text
 *(.rel.text)
 *(.rel.text.*)
 *(.rel.gnu.linkonce.t*)

.rela.text
 *(.rela.text)
 *(.rela.text.*)
 *(.rela.gnu.linkonce.t*)

.rel.fini
 *(.rel.fini)

.rela.fini
 *(.rela.fini)

.rel.rodata
 *(.rel.rodata)
 *(.rel.rodata.*)
 *(.rel.gnu.linkonce.r*)

.rela.rodata
 *(.rela.rodata)
 *(.rela.rodata.*)
 *(.rela.gnu.linkonce.r*)

.rel.data
 *(.rel.data)
 *(.rel.data.*)
 *(.rel.gnu.linkonce.d*)

.rela.data
 *(.rela.data)
 *(.rela.data.*)
 *(.rela.gnu.linkonce.d*)

.rel.ctors
 *(.rel.ctors)

.rela.ctors
 *(.rela.ctors)

.rel.dtors
 *(.rel.dtors)

.rela.dtors
 *(.rela.dtors)

.rel.got
 *(.rel.got)

.rela.got
 *(.rela.got)

.rel.bss
 *(.rel.bss)

.rela.bss
 *(.rela.bss)

.rel.plt
 *(.rel.plt)

.rela.plt
 *(.rela.plt)

.text           0x00000000     0x2456
 *(.vectors)
 .vectors       0x00000000       0x8c c:/program files (x86)/atmel/atmel toolchain/avr8 gcc/native/3.4.1061/avr8-gnu-toolchain/bin/../lib/gcc/avr/4.8.1/../../../../avr/lib/avr51/crtm1284p.o
                0x00000000                __vector_default
                0x00000000                __vectors
 *(.vectors)
 *(.progmem.gcc*)
                0x0000008c                . = ALIGN (0x2)
                0x0000008c                __trampolines_start = .
 *(.trampolines)
 .trampolines   0x0000008c        0x0 linker stubs
 *(.trampolines*)
                0x0000008c                __trampolines_end = .
 *(.progmem*)
                0x0000008c                . = ALIGN (0x2)
 *(.jumptables)
 *(.jumptables*)
 *(.lowtext)
 *(.lowtext*)
                0x0000008c                __ctors_start = .
 *(.ctors)
                0x0000008c                __ctors_end = .
                0x0000008c                __dtors_start = .
 *(.dtors)
                0x0000008c                __dtors_end = .
 SORT(*)(.ctors)
 SORT(*)(.dtors)
 *(.init0)
 .init0         0x0000008c        0x0 c:/program files (x86)/atmel/atmel toolchain/avr8 gcc/native/3.4.1061/avr8-gnu-toolchain/bin/../lib/gcc/avr/4.8.1/../../../../avr/lib/avr51/crtm1284p.o
                0x0000008c                __init
 *(.init0)
 *(.init1)
 *(.init1)
 *(.init2)
 .init2         0x0000008c        0xc c:/program files (x86)/atmel/atmel toolchain/avr8 gcc/native/3.4.1061/avr8-gnu-toolchain/bin/../lib/gcc/avr/4.8.1/../../../../avr/lib/avr51/crtm1284p.o
 *(.init2)
 *(.init3)
 *(.init3)
 *(.init4)
 .init4         0x00000098       0x1a c:/program files (x86)/atmel/atmel toolchain/avr8 gcc/native/3.4.1061/avr8-gnu-toolchain/bin/../lib/gcc/avr/4.8.1/avr51\libgcc.a(_copy_data.o)
                0x00000098                __do_copy_data
 .init4         0x000000b2       0x10 c:/program files (x86)/atmel/atmel toolchain/avr8 gcc/native/3.4.1061/avr8-gnu-toolchain/bin/../lib/gcc/avr/4.8.1/avr51\libgcc.a(_clear_bss.o)
                0x000000b2                __do_clear_bss
 *(.init4)
 *(.init5)
 *(.init5)
 *(.init6)
 *(.init6)
 *(.init7)
 *(.init7)
 *(.init8)
 *(.init8)
 *(.init9)
 .init9         0x000000c2        0x6 c:/program files (x86)/atmel/atmel toolchain/avr8 gcc/native/3.4.1061/avr8-gnu-toolchain/bin/../lib/gcc/avr/4.8.1/../../../../avr/lib/avr51/crtm1284p.o
 *(.init9)
 *(.text)
 .text          0x000000c8        0x2 c:/program files (x86)/atmel/atmel toolchain/avr8 gcc/native/3.4.1061/avr8-gnu-toolchain/bin/../lib/gcc/avr/4.8.1/../../../../avr/lib/avr51/crtm1284p.o
                0x000000c8                __vector_1
                0x000000c8                __vector_32
                0x000000c8                __vector_34
                0x000000c8                __vector_24
                0x000000c8                __vector_12
                0x000000c8                __bad_interrupt
                0x000000c8                __vector_6
                0x000000c8                __vector_31
                0x000000c8                __vector_3
                0x000000c8                __vector_23
                0x000000c8                __vector_30
                0x000000c8                __vector_25
                0x000000c8                __vector_11
                0x000000c8                __vector_13
                0x000000c8                __vector_17
                0x000000c8                __vector_7
                0x000000c8                __vector_27
                0x000000c8                __vector_5
                0x000000c8                __vector_33
                0x000000c8                __vector_4
                0x000000c8                __vector_9
                0x000000c8                __vector_2
                0x000000c8                __vector_21
                0x000000c8                __vector_15
                0x000000c8                __vector_29
                0x000000c8                __vector_8
                0x000000c8                __vector_26
                0x000000c8                __vector_14
                0x000000c8                __vector_10
                0x000000c8                __vector_16
                0x000000c8                __vector_18
                0x000000ca                . = ALIGN (0x2)
 *(.text.*)
 .text.count    0x000000ca       0x20 src/counter16b.o
                0x000000ca                count
 .text.checkCount
                0x000000ea       0x3e src/counter16b.o
                0x000000ea                checkCount
 .text.FLC_speed
                0x00000128      0xb02 src/FLC_speed.o
                0x00000128                FLC_speed
 .text.compute_degree_of_membership
                0x00000c2a       0x6c src/general_FIS.o
                0x00000c2a                compute_degree_of_membership
 .text.compute_area_of_trapezoid
                0x00000c96       0x5e src/general_FIS.o
                0x00000c96                compute_area_of_trapezoid
 .text.fuzzification
                0x00000cf4       0x4e src/general_FIS.o
                0x00000cf4                fuzzification
 .text.rule_evaluation
                0x00000d42       0x8c src/general_FIS.o
                0x00000d42                rule_evaluation
 .text.defuzzification
                0x00000dce      0x18c src/general_FIS.o
                0x00000dce                defuzzification
 .text.MATLAB_MF
                0x00000f5a       0x64 src/general_FIS.o
                0x00000f5a                MATLAB_MF
 .text.intersection
                0x00000fbe       0x36 src/intersection.o
                0x00000fbe                intersection
 .text.__vector_28
                0x00000ff4       0x5e src/main.o
                0x00000ff4                __vector_28
 .text.carInit  0x00001052       0x1e src/main.o
                0x00001052                carInit
 .text.USART1_init
                0x00001070       0x22 src/main.o
                0x00001070                USART1_init
 .text.main     0x00001092      0x10e src/main.o
                0x00001092                main
 .text.nDoFuzzy
                0x000011a0      0x918 src/nFuzzySteering.o
                0x000011a0                nDoFuzzy
 .text.nFuzzySteering
                0x00001ab8       0x42 src/nFuzzySteering.o
                0x00001ab8                nFuzzySteering
 .text.pwmInit  0x00001afa       0x1e src/servo.o
                0x00001afa                pwmInit
 .text.setESC   0x00001b18       0x36 src/servo.o
                0x00001b18                setESC
 .text.setServo
                0x00001b4e       0x36 src/servo.o
                0x00001b4e                setServo
 .text.__vector_19
                0x00001b84       0xd8 src/spi_buffer_slave.o
                0x00001b84                __vector_19
 .text.spi_slave_init
                0x00001c5c       0x12 src/spi_buffer_slave.o
                0x00001c5c                spi_slave_init
 .text.spi_get_byte
                0x00001c6e       0x5a src/spi_buffer_slave.o
                0x00001c6e                spi_get_byte
 .text.spi_send_byte
                0x00001cc8       0xae src/spi_buffer_slave.o
                0x00001cc8                spi_send_byte
 .text.is_package_recieved
                0x00001d76       0x14 src/spi_buffer_slave.o
                0x00001d76                is_package_recieved
 .text.read_sensor_info
                0x00001d8a       0x7c src/spi_buffer_slave.o
                0x00001d8a                read_sensor_info
 .text.__vector_20
                0x00001e06       0xb6 src/uart_buffer.o
                0x00001e06                __vector_20
 .text.__vector_22
                0x00001ebc       0xa2 src/uart_buffer.o
                0x00001ebc                __vector_22
 .text.avr-libc.fplib
                0x00001f5e        0xa c:/program files (x86)/atmel/atmel toolchain/avr8 gcc/native/3.4.1061/avr8-gnu-toolchain/bin/../lib/gcc/avr/4.8.1/../../../../avr/lib/avr51\libm.a(addsf3.o)
                0x00001f5e                __subsf3
                0x00001f60                __addsf3
 .text.avr-libc.fplib
                0x00001f68       0xc0 c:/program files (x86)/atmel/atmel toolchain/avr8 gcc/native/3.4.1061/avr8-gnu-toolchain/bin/../lib/gcc/avr/4.8.1/../../../../avr/lib/avr51\libm.a(addsf3x.o)
                0x00001f82                __addsf3x
 .text.avr-libc.fplib
                0x00002028        0x4 c:/program files (x86)/atmel/atmel toolchain/avr8 gcc/native/3.4.1061/avr8-gnu-toolchain/bin/../lib/gcc/avr/4.8.1/../../../../avr/lib/avr51\libm.a(divsf3.o)
                0x00002028                __divsf3
 .text.avr-libc.fplib
                0x0000202c       0xcc c:/program files (x86)/atmel/atmel toolchain/avr8 gcc/native/3.4.1061/avr8-gnu-toolchain/bin/../lib/gcc/avr/4.8.1/../../../../avr/lib/avr51\libm.a(divsf3x.o)
                0x00002042                __divsf3x
                0x00002046                __divsf3_pse
 .text.avr-libc.fplib
                0x000020f8        0xa c:/program files (x86)/atmel/atmel toolchain/avr8 gcc/native/3.4.1061/avr8-gnu-toolchain/bin/../lib/gcc/avr/4.8.1/../../../../avr/lib/avr51\libm.a(fixsfsi.o)
                0x000020f8                __fixsfsi
 .text.avr-libc.fplib
                0x00002102       0x58 c:/program files (x86)/atmel/atmel toolchain/avr8 gcc/native/3.4.1061/avr8-gnu-toolchain/bin/../lib/gcc/avr/4.8.1/../../../../avr/lib/avr51\libm.a(fixunssfsi.o)
                0x00002102                __fixunssfsi
 .text.avr-libc.fplib
                0x0000215a       0x7a c:/program files (x86)/atmel/atmel toolchain/avr8 gcc/native/3.4.1061/avr8-gnu-toolchain/bin/../lib/gcc/avr/4.8.1/../../../../avr/lib/avr51\libm.a(floatsisf.o)
                0x0000215a                __floatunsisf
                0x0000215e                __floatsisf
 .text.avr-libc.fplib
                0x000021d4        0xc c:/program files (x86)/atmel/atmel toolchain/avr8 gcc/native/3.4.1061/avr8-gnu-toolchain/bin/../lib/gcc/avr/4.8.1/../../../../avr/lib/avr51\libm.a(fp_inf.o)
                0x000021d4                __fp_inf
 .text.avr-libc.fplib
                0x000021e0        0x6 c:/program files (x86)/atmel/atmel toolchain/avr8 gcc/native/3.4.1061/avr8-gnu-toolchain/bin/../lib/gcc/avr/4.8.1/../../../../avr/lib/avr51\libm.a(fp_nan.o)
                0x000021e0                __fp_nan
 .text.avr-libc.fplib
                0x000021e6        0xe c:/program files (x86)/atmel/atmel toolchain/avr8 gcc/native/3.4.1061/avr8-gnu-toolchain/bin/../lib/gcc/avr/4.8.1/../../../../avr/lib/avr51\libm.a(fp_pscA.o)
                0x000021e6                __fp_pscA
 .text.avr-libc.fplib
                0x000021f4        0xe c:/program files (x86)/atmel/atmel toolchain/avr8 gcc/native/3.4.1061/avr8-gnu-toolchain/bin/../lib/gcc/avr/4.8.1/../../../../avr/lib/avr51\libm.a(fp_pscB.o)
                0x000021f4                __fp_pscB
 .text.avr-libc.fplib
                0x00002202       0x22 c:/program files (x86)/atmel/atmel toolchain/avr8 gcc/native/3.4.1061/avr8-gnu-toolchain/bin/../lib/gcc/avr/4.8.1/../../../../avr/lib/avr51\libm.a(fp_round.o)
                0x00002202                __fp_round
 .text.avr-libc.fplib
                0x00002224       0x44 c:/program files (x86)/atmel/atmel toolchain/avr8 gcc/native/3.4.1061/avr8-gnu-toolchain/bin/../lib/gcc/avr/4.8.1/../../../../avr/lib/avr51\libm.a(fp_split3.o)
                0x00002224                __fp_split3
                0x00002234                __fp_splitA
 .text.avr-libc.fplib
                0x00002268        0xe c:/program files (x86)/atmel/atmel toolchain/avr8 gcc/native/3.4.1061/avr8-gnu-toolchain/bin/../lib/gcc/avr/4.8.1/../../../../avr/lib/avr51\libm.a(fp_zero.o)
                0x00002268                __fp_zero
                0x0000226a                __fp_szero
 .text.avr-libc.fplib
                0x00002276        0x4 c:/program files (x86)/atmel/atmel toolchain/avr8 gcc/native/3.4.1061/avr8-gnu-toolchain/bin/../lib/gcc/avr/4.8.1/../../../../avr/lib/avr51\libm.a(mulsf3.o)
                0x00002276                __mulsf3
 .text.avr-libc.fplib
                0x0000227a       0xc2 c:/program files (x86)/atmel/atmel toolchain/avr8 gcc/native/3.4.1061/avr8-gnu-toolchain/bin/../lib/gcc/avr/4.8.1/../../../../avr/lib/avr51\libm.a(mulsf3x.o)
                0x0000228e                __mulsf3x
                0x00002292                __mulsf3_pse
 .text.libgcc.div
                0x0000233c       0x26 c:/program files (x86)/atmel/atmel toolchain/avr8 gcc/native/3.4.1061/avr8-gnu-toolchain/bin/../lib/gcc/avr/4.8.1/avr51\libgcc.a(_divmodhi4.o)
                0x0000233c                _div
                0x0000233c                __divmodhi4
 .text.libgcc.div
                0x00002362       0x28 c:/program files (x86)/atmel/atmel toolchain/avr8 gcc/native/3.4.1061/avr8-gnu-toolchain/bin/../lib/gcc/avr/4.8.1/avr51\libgcc.a(_divmodsi4.o)
                0x00002362                __divmodsi4
 .text.libgcc.div
                0x0000238a       0x10 c:/program files (x86)/atmel/atmel toolchain/avr8 gcc/native/3.4.1061/avr8-gnu-toolchain/bin/../lib/gcc/avr/4.8.1/avr51\libgcc.a(_negsi2.o)
                0x0000238a                __negsi2
 .text.libgcc.mul
                0x0000239a        0xc c:/program files (x86)/atmel/atmel toolchain/avr8 gcc/native/3.4.1061/avr8-gnu-toolchain/bin/../lib/gcc/avr/4.8.1/avr51\libgcc.a(_mulshisi3.o)
                0x0000239a                __mulshisi3
                0x0000239e                __mulohisi3
 .text.libgcc.div
                0x000023a6       0x28 c:/program files (x86)/atmel/atmel toolchain/avr8 gcc/native/3.4.1061/avr8-gnu-toolchain/bin/../lib/gcc/avr/4.8.1/avr51\libgcc.a(_udivmodhi4.o)
                0x000023a6                __udivmodhi4
 .text.libgcc.div
                0x000023ce       0x44 c:/program files (x86)/atmel/atmel toolchain/avr8 gcc/native/3.4.1061/avr8-gnu-toolchain/bin/../lib/gcc/avr/4.8.1/avr51\libgcc.a(_udivmodsi4.o)
                0x000023ce                __udivmodsi4
 .text.libgcc.mul
                0x00002412       0x14 c:/program files (x86)/atmel/atmel toolchain/avr8 gcc/native/3.4.1061/avr8-gnu-toolchain/bin/../lib/gcc/avr/4.8.1/avr51\libgcc.a(_muluhisi3.o)
                0x00002412                __muluhisi3
 .text.libgcc.mul
                0x00002426       0x1e c:/program files (x86)/atmel/atmel toolchain/avr8 gcc/native/3.4.1061/avr8-gnu-toolchain/bin/../lib/gcc/avr/4.8.1/avr51\libgcc.a(_umulhisi3.o)
                0x00002426                __umulhisi3
 .text.avr-libc
                0x00002444        0xe c:/program files (x86)/atmel/atmel toolchain/avr8 gcc/native/3.4.1061/avr8-gnu-toolchain/bin/../lib/gcc/avr/4.8.1/../../../../avr/lib/avr51\libc.a(strcpy.o)
                0x00002444                strcpy
                0x00002452                . = ALIGN (0x2)
 *(.fini9)
 .fini9         0x00002452        0x0 c:/program files (x86)/atmel/atmel toolchain/avr8 gcc/native/3.4.1061/avr8-gnu-toolchain/bin/../lib/gcc/avr/4.8.1/avr51\libgcc.a(_exit.o)
                0x00002452                _exit
                0x00002452                exit
 *(.fini9)
 *(.fini8)
 *(.fini8)
 *(.fini7)
 *(.fini7)
 *(.fini6)
 *(.fini6)
 *(.fini5)
 *(.fini5)
 *(.fini4)
 *(.fini4)
 *(.fini3)
 *(.fini3)
 *(.fini2)
 *(.fini2)
 *(.fini1)
 *(.fini1)
 *(.fini0)
 .fini0         0x00002452        0x4 c:/program files (x86)/atmel/atmel toolchain/avr8 gcc/native/3.4.1061/avr8-gnu-toolchain/bin/../lib/gcc/avr/4.8.1/avr51\libgcc.a(_exit.o)
 *(.fini0)
                0x00002456                _etext = .

.data           0x00800100       0xe6 load address 0x00002456
                0x00800100                PROVIDE (__data_start, .)
 *(.data)
 *(.data*)
 *(.rodata)
 *(.rodata*)
 .rodata.str1.1
                0x00800100       0x84 src/FLC_speed.o
                                 0x88 (size before relaxing)
 .rodata.str1.1
                0x00800184       0x62 src/nFuzzySteering.o
                                 0x7f (size before relaxing)
 *(.gnu.linkonce.d*)
                0x008001e6                . = ALIGN (0x2)
                0x008001e6                _edata = .
                0x008001e6                PROVIDE (__data_end, .)

.bss            0x008001e6      0x14a
                0x008001e6                PROVIDE (__bss_start, .)
 *(.bss)
 *(.bss*)
 .bss.counter_UART1_reciever
                0x008001e6        0x2 src/main.o
                0x008001e6                counter_UART1_reciever
 .bss.onGoingStop
                0x008001e8        0x2 src/main.o
                0x008001e8                onGoingStop
 .bss.spi_rx_not_empty_flag
                0x008001ea        0x1 src/main.o
                0x008001ea                spi_rx_not_empty_flag
 .bss.spi_stc_chain_in_work
                0x008001eb        0x1 src/spi_buffer_slave.o
                0x008001eb                spi_stc_chain_in_work
 .bss.tx_spi    0x008001ec       0x46 src/spi_buffer_slave.o
                0x008001ec                tx_spi
 .bss.rx_spi    0x00800232       0x46 src/spi_buffer_slave.o
                0x00800232                rx_spi
 .bss.tx_uart0  0x00800278       0x46 src/uart_buffer.o
                0x00800278                tx_uart0
 .bss.rx_uart0  0x008002be       0x46 src/uart_buffer.o
                0x008002be                rx_uart0
 *(COMMON)
 COMMON         0x00800304        0x6 src/general_FIS.o
                0x00800304                System_Outputs
                0x00800306                System_Inputs
                0x00800308                Rule_Base
 COMMON         0x0080030a       0x20 src/main.o
                0x0080030a                UART1_reciever_buffer
 COMMON         0x0080032a        0x6 src/uart_buffer.o
                0x0080032a                uart0_tx_full_flag
                0x0080032b                uart0_rx_not_empty_flag
                0x0080032c                uart0_rx_full_flag
                0x0080032d                uart0_tx_not_empty_flag
                0x0080032e                uart0_rx_overf_flag
                0x0080032f                uart0_tx_overf_flag
                0x00800330                PROVIDE (__bss_end, .)
                0x00002456                __data_load_start = LOADADDR (.data)
                0x0000253c                __data_load_end = (__data_load_start + SIZEOF (.data))

.noinit         0x00800330        0x0
                0x00800330                PROVIDE (__noinit_start, .)
 *(.noinit*)
                0x00800330                PROVIDE (__noinit_end, .)
                0x00800330                _end = .
                0x00800330                PROVIDE (__heap_start, .)

.eeprom         0x00810000        0x0
 *(.eeprom*)
                0x00810000                __eeprom_end = .

.fuse
 *(.fuse)
 *(.lfuse)
 *(.hfuse)
 *(.efuse)

.lock
 *(.lock*)

.signature
 *(.signature*)

.user_signatures
 *(.user_signatures*)

.stab
 *(.stab)

.stabstr
 *(.stabstr)

.stab.excl
 *(.stab.excl)

.stab.exclstr
 *(.stab.exclstr)

.stab.index
 *(.stab.index)

.stab.indexstr
 *(.stab.indexstr)

.comment        0x00000000       0x30
 *(.comment)
 .comment       0x00000000       0x30 src/counter16b.o
                                 0x31 (size before relaxing)
 .comment       0x00000000       0x31 src/FLC_speed.o
 .comment       0x00000000       0x31 src/general_FIS.o
 .comment       0x00000000       0x31 src/intersection.o
 .comment       0x00000000       0x31 src/main.o
 .comment       0x00000000       0x31 src/nFuzzySteering.o
 .comment       0x00000000       0x31 src/servo.o
 .comment       0x00000000       0x31 src/spi_buffer_slave.o
 .comment       0x00000000       0x31 src/uart_buffer.o

.note.gnu.build-id
 *(.note.gnu.build-id)

.debug
 *(.debug)

.line
 *(.line)

.debug_srcinfo
 *(.debug_srcinfo)

.debug_sfnames
 *(.debug_sfnames)

.debug_aranges  0x00000000      0x1e8
 *(.debug_aranges)
 .debug_aranges
                0x00000000       0x28 src/counter16b.o
 .debug_aranges
                0x00000028       0x20 src/FLC_speed.o
 .debug_aranges
                0x00000048       0x58 src/general_FIS.o
 .debug_aranges
                0x000000a0       0x30 src/intersection.o
 .debug_aranges
                0x000000d0       0x40 src/main.o
 .debug_aranges
                0x00000110       0x28 src/nFuzzySteering.o
 .debug_aranges
                0x00000138       0x30 src/servo.o
 .debug_aranges
                0x00000168       0x48 src/spi_buffer_slave.o
 .debug_aranges
                0x000001b0       0x38 src/uart_buffer.o

.debug_pubnames
 *(.debug_pubnames)

.debug_info     0x00000000     0x3729
 *(.debug_info .gnu.linkonce.wi.*)
 .debug_info    0x00000000       0xdf src/counter16b.o
 .debug_info    0x000000df      0xd32 src/FLC_speed.o
 .debug_info    0x00000e11      0x5a6 src/general_FIS.o
 .debug_info    0x000013b7      0xa25 src/intersection.o
 .debug_info    0x00001ddc      0x6bb src/main.o
 .debug_info    0x00002497      0xc2c src/nFuzzySteering.o
 .debug_info    0x000030c3       0xe2 src/servo.o
 .debug_info    0x000031a5      0x380 src/spi_buffer_slave.o
 .debug_info    0x00003525      0x204 src/uart_buffer.o

.debug_abbrev   0x00000000      0xc0f
 *(.debug_abbrev)
 .debug_abbrev  0x00000000       0x8e src/counter16b.o
 .debug_abbrev  0x0000008e      0x12f src/FLC_speed.o
 .debug_abbrev  0x000001bd      0x1c4 src/general_FIS.o
 .debug_abbrev  0x00000381      0x176 src/intersection.o
 .debug_abbrev  0x000004f7      0x26f src/main.o
 .debug_abbrev  0x00000766      0x15a src/nFuzzySteering.o
 .debug_abbrev  0x000008c0       0x95 src/servo.o
 .debug_abbrev  0x00000955      0x1a1 src/spi_buffer_slave.o
 .debug_abbrev  0x00000af6      0x119 src/uart_buffer.o

.debug_line     0x00000000     0x29f2
 *(.debug_line .debug_line.* .debug_line_end)
 .debug_line    0x00000000      0x3c9 src/counter16b.o
 .debug_line    0x000003c9      0x48a src/FLC_speed.o
 .debug_line    0x00000853      0x391 src/general_FIS.o
 .debug_line    0x00000be4      0x4c3 src/intersection.o
 .debug_line    0x000010a7      0x6dd src/main.o
 .debug_line    0x00001784      0x657 src/nFuzzySteering.o
 .debug_line    0x00001ddb      0x3ed src/servo.o
 .debug_line    0x000021c8      0x45b src/spi_buffer_slave.o
 .debug_line    0x00002623      0x3cf src/uart_buffer.o

.debug_frame    0x00000000      0x610
 *(.debug_frame)
 .debug_frame   0x00000000       0x40 src/counter16b.o
 .debug_frame   0x00000040       0x88 src/FLC_speed.o
 .debug_frame   0x000000c8      0x164 src/general_FIS.o
 .debug_frame   0x0000022c      0x10c src/intersection.o
 .debug_frame   0x00000338       0x94 src/main.o
 .debug_frame   0x000003cc       0x98 src/nFuzzySteering.o
 .debug_frame   0x00000464       0x44 src/servo.o
 .debug_frame   0x000004a8       0xbc src/spi_buffer_slave.o
 .debug_frame   0x00000564       0xac src/uart_buffer.o

.debug_str      0x00000000    0x10d38
 *(.debug_str)
 .debug_str     0x00000000     0xf832 src/counter16b.o
                               0xf9ff (size before relaxing)
 .debug_str     0x0000f832      0x9ca src/FLC_speed.o
                               0x42eb (size before relaxing)
 .debug_str     0x000101fc       0xe8 src/general_FIS.o
                               0x4101 (size before relaxing)
 .debug_str     0x000102e4       0xa3 src/intersection.o
                               0x7932 (size before relaxing)
 .debug_str     0x00010387      0x737 src/main.o
                              0x10884 (size before relaxing)
 .debug_str     0x00010abe       0xae src/nFuzzySteering.o
                               0x42c9 (size before relaxing)
 .debug_str     0x00010b6c       0x27 src/servo.o
                               0xfa3a (size before relaxing)
 .debug_str     0x00010b93       0xaf src/spi_buffer_slave.o
                               0x7463 (size before relaxing)
 .debug_str     0x00010c42       0xf6 src/uart_buffer.o
                               0x7381 (size before relaxing)

.debug_loc      0x00000000     0x186a
 *(.debug_loc)
 .debug_loc     0x00000000       0xce src/counter16b.o
 .debug_loc     0x000000ce      0x1e6 src/FLC_speed.o
 .debug_loc     0x000002b4      0x996 src/general_FIS.o
 .debug_loc     0x00000c4a      0x356 src/intersection.o
 .debug_loc     0x00000fa0      0x26f src/main.o
 .debug_loc     0x0000120f      0x244 src/nFuzzySteering.o
 .debug_loc     0x00001453       0xa8 src/servo.o
 .debug_loc     0x000014fb      0x203 src/spi_buffer_slave.o
 .debug_loc     0x000016fe      0x16c src/uart_buffer.o

.debug_macinfo
 *(.debug_macinfo)

.debug_weaknames
 *(.debug_weaknames)

.debug_funcnames
 *(.debug_funcnames)

.debug_typenames
 *(.debug_typenames)

.debug_varnames
 *(.debug_varnames)

.debug_pubtypes
 *(.debug_pubtypes)

.debug_ranges   0x00000000      0x1a0
 *(.debug_ranges)
 .debug_ranges  0x00000000       0x18 src/counter16b.o
 .debug_ranges  0x00000018       0x10 src/FLC_speed.o
 .debug_ranges  0x00000028       0x78 src/general_FIS.o
 .debug_ranges  0x000000a0       0x20 src/intersection.o
 .debug_ranges  0x000000c0       0x48 src/main.o
 .debug_ranges  0x00000108       0x18 src/nFuzzySteering.o
 .debug_ranges  0x00000120       0x20 src/servo.o
 .debug_ranges  0x00000140       0x38 src/spi_buffer_slave.o
 .debug_ranges  0x00000178       0x28 src/uart_buffer.o

.debug_macro    0x00000000     0x3b1a
 *(.debug_macro)
 .debug_macro   0x00000000      0x162 src/counter16b.o
 .debug_macro   0x00000162       0x10 src/counter16b.o
 .debug_macro   0x00000172      0x1ad src/counter16b.o
 .debug_macro   0x0000031f      0x293 src/counter16b.o
 .debug_macro   0x000005b2       0x9e src/counter16b.o
 .debug_macro   0x00000650     0x1a23 src/counter16b.o
 .debug_macro   0x00002073      0x171 src/counter16b.o
 .debug_macro   0x000021e4       0xcb src/counter16b.o
 .debug_macro   0x000022af       0x34 src/counter16b.o
 .debug_macro   0x000022e3       0x18 src/counter16b.o
 .debug_macro   0x000022fb       0x6c src/counter16b.o
 .debug_macro   0x00002367       0x22 src/counter16b.o
 .debug_macro   0x00002389      0x166 src/counter16b.o
 .debug_macro   0x000024ef       0x1c src/counter16b.o
 .debug_macro   0x0000250b       0x35 src/counter16b.o
 .debug_macro   0x00002540       0x66 src/counter16b.o
 .debug_macro   0x000025a6      0x4ae src/counter16b.o
 .debug_macro   0x00002a54       0x44 src/counter16b.o
 .debug_macro   0x00002a98       0x69 src/counter16b.o
 .debug_macro   0x00002b01       0x2c src/counter16b.o
 .debug_macro   0x00002b2d       0x10 src/counter16b.o
 .debug_macro   0x00002b3d      0x175 src/counter16b.o
 .debug_macro   0x00002cb2       0x40 src/counter16b.o
 .debug_macro   0x00002cf2      0x100 src/counter16b.o
 .debug_macro   0x00002df2      0x231 src/counter16b.o
 .debug_macro   0x00003023       0xb4 src/FLC_speed.o
 .debug_macro   0x000030d7       0x16 src/FLC_speed.o
 .debug_macro   0x000030ed       0x97 src/FLC_speed.o
 .debug_macro   0x00003184       0x16 src/FLC_speed.o
 .debug_macro   0x0000319a       0x58 src/FLC_speed.o
 .debug_macro   0x000031f2       0x10 src/FLC_speed.o
 .debug_macro   0x00003202       0x20 src/FLC_speed.o
 .debug_macro   0x00003222       0xeb src/FLC_speed.o
 .debug_macro   0x0000330d       0x16 src/FLC_speed.o
 .debug_macro   0x00003323       0x2e src/FLC_speed.o
 .debug_macro   0x00003351       0x79 src/general_FIS.o
 .debug_macro   0x000033ca      0x105 src/intersection.o
 .debug_macro   0x000034cf       0xaa src/intersection.o
 .debug_macro   0x00003579      0x23a src/main.o
 .debug_macro   0x000037b3       0x22 src/main.o
 .debug_macro   0x000037d5       0x16 src/main.o
 .debug_macro   0x000037eb       0x92 src/nFuzzySteering.o
 .debug_macro   0x0000387d      0x15b src/servo.o
 .debug_macro   0x000039d8       0x99 src/spi_buffer_slave.o
 .debug_macro   0x00003a71       0x99 src/uart_buffer.o
 .debug_macro   0x00003b0a       0x10 src/uart_buffer.o
OUTPUT(Kandidatprojekt.elf elf32-avr)
LOAD linker stubs
